Archive member included because of file (symbol)

d:/grabercars/3d printer projects/all firmwares/codeblocks/bin/../lib/gcc/avr/4.3.3/../../../../avr/lib/avr6\libm.a(addsf3.o)
                              .objs\Commands.o (__subsf3)
d:/grabercars/3d printer projects/all firmwares/codeblocks/bin/../lib/gcc/avr/4.3.3/../../../../avr/lib/avr6\libm.a(addsf3x.o)
                              d:/grabercars/3d printer projects/all firmwares/codeblocks/bin/../lib/gcc/avr/4.3.3/../../../../avr/lib/avr6\libm.a(addsf3.o) (__addsf3x)
d:/grabercars/3d printer projects/all firmwares/codeblocks/bin/../lib/gcc/avr/4.3.3/../../../../avr/lib/avr6\libm.a(atan2.o)
                              .objs\motion.o (atan2)
d:/grabercars/3d printer projects/all firmwares/codeblocks/bin/../lib/gcc/avr/4.3.3/../../../../avr/lib/avr6\libm.a(atan.o)
                              d:/grabercars/3d printer projects/all firmwares/codeblocks/bin/../lib/gcc/avr/4.3.3/../../../../avr/lib/avr6\libm.a(atan2.o) (atan)
d:/grabercars/3d printer projects/all firmwares/codeblocks/bin/../lib/gcc/avr/4.3.3/../../../../avr/lib/avr6\libm.a(cmpsf2.o)
                              .objs\Eeprom.o (__eqsf2)
d:/grabercars/3d printer projects/all firmwares/codeblocks/bin/../lib/gcc/avr/4.3.3/../../../../avr/lib/avr6\libm.a(cos.o)
                              .objs\motion.o (cos)
d:/grabercars/3d printer projects/all firmwares/codeblocks/bin/../lib/gcc/avr/4.3.3/../../../../avr/lib/avr6\libm.a(divsf3.o)
                              .objs\Commands.o (__divsf3)
d:/grabercars/3d printer projects/all firmwares/codeblocks/bin/../lib/gcc/avr/4.3.3/../../../../avr/lib/avr6\libm.a(divsf3x.o)
                              d:/grabercars/3d printer projects/all firmwares/codeblocks/bin/../lib/gcc/avr/4.3.3/../../../../avr/lib/avr6\libm.a(divsf3.o) (__divsf3x)
d:/grabercars/3d printer projects/all firmwares/codeblocks/bin/../lib/gcc/avr/4.3.3/../../../../avr/lib/avr6\libm.a(fixsfsi.o)
                              .objs\Commands.o (__fixsfsi)
d:/grabercars/3d printer projects/all firmwares/codeblocks/bin/../lib/gcc/avr/4.3.3/../../../../avr/lib/avr6\libm.a(fixunssfsi.o)
                              .objs\Communication.o (__fixunssfsi)
d:/grabercars/3d printer projects/all firmwares/codeblocks/bin/../lib/gcc/avr/4.3.3/../../../../avr/lib/avr6\libm.a(floatsisf.o)
                              .objs\Communication.o (__floatunsisf)
d:/grabercars/3d printer projects/all firmwares/codeblocks/bin/../lib/gcc/avr/4.3.3/../../../../avr/lib/avr6\libm.a(floor.o)
                              .objs\Commands.o (floor)
d:/grabercars/3d printer projects/all firmwares/codeblocks/bin/../lib/gcc/avr/4.3.3/../../../../avr/lib/avr6\libm.a(fp_cmp.o)
                              d:/grabercars/3d printer projects/all firmwares/codeblocks/bin/../lib/gcc/avr/4.3.3/../../../../avr/lib/avr6\libm.a(cmpsf2.o) (__fp_cmp)
d:/grabercars/3d printer projects/all firmwares/codeblocks/bin/../lib/gcc/avr/4.3.3/../../../../avr/lib/avr6\libm.a(fp_inf.o)
                              d:/grabercars/3d printer projects/all firmwares/codeblocks/bin/../lib/gcc/avr/4.3.3/../../../../avr/lib/avr6\libm.a(addsf3x.o) (__fp_inf)
d:/grabercars/3d printer projects/all firmwares/codeblocks/bin/../lib/gcc/avr/4.3.3/../../../../avr/lib/avr6\libm.a(fp_mintl.o)
                              d:/grabercars/3d printer projects/all firmwares/codeblocks/bin/../lib/gcc/avr/4.3.3/../../../../avr/lib/avr6\libm.a(floor.o) (__fp_mintl)
d:/grabercars/3d printer projects/all firmwares/codeblocks/bin/../lib/gcc/avr/4.3.3/../../../../avr/lib/avr6\libm.a(fp_mpack.o)
                              d:/grabercars/3d printer projects/all firmwares/codeblocks/bin/../lib/gcc/avr/4.3.3/../../../../avr/lib/avr6\libm.a(floor.o) (__fp_mpack)
d:/grabercars/3d printer projects/all firmwares/codeblocks/bin/../lib/gcc/avr/4.3.3/../../../../avr/lib/avr6\libm.a(fp_nan.o)
                              d:/grabercars/3d printer projects/all firmwares/codeblocks/bin/../lib/gcc/avr/4.3.3/../../../../avr/lib/avr6\libm.a(addsf3x.o) (__fp_nan)
d:/grabercars/3d printer projects/all firmwares/codeblocks/bin/../lib/gcc/avr/4.3.3/../../../../avr/lib/avr6\libm.a(fp_powser.o)
                              d:/grabercars/3d printer projects/all firmwares/codeblocks/bin/../lib/gcc/avr/4.3.3/../../../../avr/lib/avr6\libm.a(atan.o) (__fp_powser)
d:/grabercars/3d printer projects/all firmwares/codeblocks/bin/../lib/gcc/avr/4.3.3/../../../../avr/lib/avr6\libm.a(fp_pscA.o)
                              d:/grabercars/3d printer projects/all firmwares/codeblocks/bin/../lib/gcc/avr/4.3.3/../../../../avr/lib/avr6\libm.a(addsf3x.o) (__fp_pscA)
d:/grabercars/3d printer projects/all firmwares/codeblocks/bin/../lib/gcc/avr/4.3.3/../../../../avr/lib/avr6\libm.a(fp_pscB.o)
                              d:/grabercars/3d printer projects/all firmwares/codeblocks/bin/../lib/gcc/avr/4.3.3/../../../../avr/lib/avr6\libm.a(addsf3x.o) (__fp_pscB)
[...]
Memory Configuration

Name             Origin             Length             Attributes
text             0x00000000         0x00100000         xr
data             0x00800200         0x0000fe00         rw !x
eeprom           0x00810000         0x00010000         rw !x
fuse             0x00820000         0x00000400         rw !x
lock             0x00830000         0x00000400         rw !x
signature        0x00840000         0x00000400         rw !x
*default*        0x00000000         0xffffffff

Linker script and memory map

Address of section .data set to 0x800200
LOAD d:/grabercars/3d printer projects/all firmwares/codeblocks/bin/../lib/gcc/avr/4.3.3/../../../../avr/lib/avr6/crtm2560.o
LOAD .objs\Commands.o
LOAD .objs\Communication.o
LOAD .objs\cores\CDC.o
LOAD .objs\cores\main.o
LOAD .objs\cores\new.o
LOAD .objs\cores\Print.o
LOAD .objs\cores\Stream.o
LOAD .objs\cores\Tone.o
LOAD .objs\cores\USBCore.o
LOAD .objs\cores\WInterrupts.o
LOAD .objs\cores\wiring.o
LOAD .objs\cores\wiring_analog.o
LOAD .objs\cores\wiring_digital.o
LOAD .objs\cores\wiring_pulse.o
LOAD .objs\cores\wiring_shift.o
LOAD .objs\cores\WMath.o
LOAD .objs\cores\WString.o
LOAD .objs\Eeprom.o
LOAD .objs\Extruder.o
LOAD .objs\gcode.o
LOAD .objs\HAL.o
LOAD .objs\motion.o
LOAD .objs\Printer.o
LOAD .objs\Repetier.o
LOAD .objs\SDCard.o
LOAD .objs\SdFat.o
LOAD .objs\ui.o
LOAD d:/grabercars/3d printer projects/all firmwares/codeblocks/bin/../lib/gcc/avr/4.3.3/../../../../avr/lib/avr6\libm.a
LOAD d:/grabercars/3d printer projects/all firmwares/codeblocks/bin/../lib/gcc/avr/4.3.3/avr6\libgcc.a
LOAD d:/grabercars/3d printer projects/all firmwares/codeblocks/bin/../lib/gcc/avr/4.3.3/../../../../avr/lib/avr6\libc.a
LOAD d:/grabercars/3d printer projects/all firmwares/codeblocks/bin/../lib/gcc/avr/4.3.3/avr6\libgcc.a

.hash
 *(.hash)

.dynsym
 *(.dynsym)

.dynstr
 *(.dynstr)

.gnu.version
 *(.gnu.version)

.gnu.version_d
 *(.gnu.version_d)

.gnu.version_r
 *(.gnu.version_r)

.rel.init
 *(.rel.init)

.rela.init
 *(.rela.init)

.rel.text
 *(.rel.text)
 *(.rel.text.*)
 *(.rel.gnu.linkonce.t*)

.rela.text
 *(.rela.text)
 *(.rela.text.*)
 *(.rela.gnu.linkonce.t*)

.rel.fini
 *(.rel.fini)

.rela.fini
 *(.rela.fini)

.rel.rodata
 *(.rel.rodata)
 *(.rel.rodata.*)
 *(.rel.gnu.linkonce.r*)

.rela.rodata
 *(.rela.rodata)
 *(.rela.rodata.*)
 *(.rela.gnu.linkonce.r*)

.rel.data
 *(.rel.data)
 *(.rel.data.*)
 *(.rel.gnu.linkonce.d*)

.rela.data
 *(.rela.data)
 *(.rela.data.*)
 *(.rela.gnu.linkonce.d*)

.rel.ctors
 *(.rel.ctors)

.rela.ctors
 *(.rela.ctors)

.rel.dtors
 *(.rel.dtors)

.rela.dtors
 *(.rela.dtors)

.rel.got
 *(.rel.got)

.rela.got
 *(.rela.got)

.rel.bss
 *(.rel.bss)

.rela.bss
 *(.rela.bss)

.rel.plt
 *(.rel.plt)

.rela.plt
 *(.rela.plt)

.text           0x00000000    0x16720
 *(.vectors)
 .vectors       0x00000000       0xe4 d:/grabercars/3d printer projects/all firmwares/codeblocks/bin/../lib/gcc/avr/4.3.3/../../../../avr/lib/avr6/crtm2560.o
                0x00000000                __vectors
                0x00000000                __vector_default
 *(.vectors)
 *(.progmem.gcc*)
 .progmem.gcc_fplib
                0x000000e4       0x2d d:/grabercars/3d printer projects/all firmwares/codeblocks/bin/../lib/gcc/avr/4.3.3/../../../../avr/lib/avr6\libm.a(atan.o)
 .progmem.gcc_fplib
                0x00000111       0x1e d:/grabercars/3d printer projects/all firmwares/codeblocks/bin/../lib/gcc/avr/4.3.3/../../../../avr/lib/avr6\libm.a(fp_sinus.o)
 *(.progmem*)
 .progmem.data  0x0000012f       0x56 .objs\Commands.o
 .progmem.data  0x00000185     0x101b .objs\Communication.o
                0x0000111b                Com::tOpenFailedFile
                0x0000037a                Com::tColon
                0x000002b3                Com::tI
                0x0000026b                Com::tWrongChecksum
                0x000002eb                Com::tBLK
                0x00000a71                Com::tZProbeY1
                0x000007c5                Com::tTempSensorWorking
                0x000008eb                Com::tDBGConstFullSpeedMoveTime
                0x00000f7a                Com::tEPRDGain
                0x000010da                Com::tFileSelected
                0x00000edd                Com::tEPRStepsPerMM
                0x0000032c                Com::tSoftwareReset
                0x00001040                Com::tEPRAdvanceK
                0x000006d4                Com::tAPIDClassic
                0x0000112f                Com::tWritingToFile
                0x00001141                Com::tDoneSavingFile
                0x0000033b                Com::tUnknownCommand
                0x00000466                Com::tQuadraticStepsColon
                0x00001170                Com::tDirectoryCreated
                0x00000976                Com::tZProbeZReset
                0x000004c4                Com::tMeasureDelta
                0x0000092d                Com::tDBGDeltaMeasuredOriginSet
                0x0000085c                Com::tDBGAcceleration
                0x0000031d                Com::tWatchdog
                0x000009b9                Com::tAutolevelEnabled
                0x00000b46                Com::tExtrDot
                0x00000840                Com::tDBGDelta
                0x00000369                Com::tTColon
                0x0000079b                Com::tHeatedBed
                0x000005b3                Com::tTower2
                0x000010e8                Com::tFileOpenFailed
                0x000002a4                Com::tZ
                0x00000f15                Com::tEPRAcceleration
                0x000003e9                Com::tComma
                0x0000029e                Com::tX
                0x0000035d                Com::tSpaceYColon
                0x0000043b                Com::tZMinColon
                0x000007cf                Com::tDryModeUntilRestart
                0x0000091a                Com::tDBGDeltaMeasurementReset
                0x000005c5                Com::tDeltaAlphaA
                0x00000dae                Com::tEPROPSMode
                0x000003f7                Com::tE1Colon
                0x0000095e                Com::tZProbeAverage
                0x00000c34                Com::tEPRZMaxLength
                0x0000089b                Com::tDBGAdvanceRate
                0x00000e84                Com::tEPRBedPIDDriveMin
                0x00000aa8                Com::tAutolevelActive
                0x000003dd                Com::tInvalidArc
                0x00000457                Com::tLinearStepsColon
                0x000002bc                Com::tSDReadError
                0x000010b8                Com::tEndFileList
                0x000003d8                Com::tSpaceMin
                0x00001153                Com::tFileDeleted
                0x00000f5a                Com::tEPRPGain
                0x00000d51                Com::tEPRTowerXOffset
                0x00000d70                Com::tEPRTowerYOffset
                0x000002f0                Com::tStart
                0x0000110b                Com::tNotSDPrinting
                0x00000dda                Com::tEPROPSMoveAfter
                0x00000bb7                Com::tEPRStopAfterInactivty
                0x00000c22                Com::tEPRYMaxLength
                0x00000359                Com::tSpaceXColon
                0x00000f4c                Com::tEPRDriveMin
                0x000004ac                Com::tMeasureDeltaSteps
                0x000003f0                Com::tZColon
                0x00000684                Com::tTargetExtr
                0x00000250                Com::tWarning
                0x00001160                Com::tDeletionFailed
                0x000002b6                Com::tJ
                0x00000985                Com::tZProbeState
                0x00000a66                Com::tZProbeX1
                0x00000eb4                Com::tEPRBedDGain
                0x000009a2                Com::tAutolevelReset
                0x00000449                Com::tJerkColon
                0x00001052                Com::tEPRAdvanceL
                0x00001022                Com::tEPRExtruderCoolerSpeed
                0x00000b5a                Com::tEPR2
                0x00000df8                Com::tEPROPSMinDistance
                0x00000b61                Com::tEPR3
                0x00001074                Com::tSDInserted
                0x00000ffc                Com::tEPRDistanceRetractHeating
                0x00000ec3                Com::tEPRBedPISMaxValue
                0x00000564                Com::tEEPROMUpdated
                0x0000028b                Com::tDonePrinting
                0x000003eb                Com::tSpace
                0x00000f6f                Com::tEPRIGain
                0x00000f9b                Com::tEPRXOffset
                0x00000800                Com::tDBGVStartEnd
                0x000008a8                Com::tDBGLimitInterval
                0x000007a6                Com::tExtruderSpace
                0x000006c8                Com::tAPIDKu
                0x00000d23                Com::tEPRSegmentsPerSecondPrint
                0x00000cba                Com::tEPRZStepsPerMM
                0x00000573                Com::tInvalidDeltaCoordinate
                0x00000a46                Com::tZProbeSpeed
                0x00000442                Com::tZMaxColon
                0x00000b22                Com::tEPRProtocolChanged
                0x0000081f                Com::tDBGStartEndSpeed
                0x00000261                Com::tEcho
                0x0000071c                Com::tAPIDFailedTimeout
                0x000010c6                Com::tFileOpened
                0x000010f9                Com::tSDPrintingByte
                0x0000059b                Com::tLevelingCalc
                0x0000037e                Com::tSpeedMultiply
                0x0000048b                Com::tQuadraticKColon
                0x0000023f                Com::tINF
                0x00000c87                Com::tEPRZAcceleration
                0x00000e96                Com::tEPRBedPGain
                0x000008d7                Com::tDBGCommandedFeedrate
                0x0000023b                Com::tNAN
                0x00000a00                Com::tZProbePrinterHeight
                0x00000c10                Com::tEPRXMaxLength
                0x00000a7c                Com::tZProbeX2
                0x0000027a                Com::tMissingChecksum
                0x00000f3e                Com::tEPRDriveMax
                0x00001085                Com::tSDInitFail
                0x000008b7                Com::tDBGMoveDistance
                0x000005e1                Com::tDeltaAlphaC
                0x00000ea5                Com::tEPRBedIGain
                0x00000e23                Com::tEPROPSRetractionLength
                0x00000419                Com::tHSpace
                0x00000835                Com::tDBGJoinFlags
                0x000002ca                Com::tExpectedLine
                0x000003f3                Com::tE0Colon
                0x0000024a                Com::tInfo
                0x00000995                Com::tZProbeEndScript
                0x00000b01                Com::tEPRConfigResetDefaults
                0x000009e4                Com::tZProbeFailed
                0x00000185                Com::tFirmware
                0x00000408                Com::tSetOutputSpace
                0x000002a1                Com::tY
                0x00000a10                Com::tWait
                0x00000414                Com::tSpaceToSpace
                0x000003fb                Com::tMS1MS2Pins
                0x000006c1                Com::tAPIDMax
                0x000005d3                Com::tDeltaAlphaB
                0x00000d0c                Com::tEPRHorizontalRadius
                0x000010d3                Com::tSpaceSizeColon
                0x00000374                Com::tSpaceT
                0x00000e5b                Com::tEPRBedHeatManager
                0x00000426                Com::tXMaxColon
                0x0000036c                Com::tSpaceBColon
                0x0000022e                Com::tDebug
                0x00000478                Com::tCommaSpeedEqual
                0x00000cc7                Com::tEPRZMaxFeedrate
                0x000006ed                Com::tAPIDKd
                0x00000b99                Com::tEPRMaxInactiveTime
                0x000003c6                Com::tSpacem
                0x000003ed                Com::tYColon
                0x000004fc                Com::tMeasurementAbortedOrigin
                0x00000a15                Com::tZProbeHeight
                0x00000e3e                Com::tEPROPSRetractionBacklash
                0x00001092                Com::tErrorWritingToFile
                0x00000434                Com::tYMaxColon
                0x00000b68                Com::tEPRBaudrate
                0x000003c9                Com::tSpaceDaysSpace
                0x00000adf                Com::tConfigLoadedEEPROM
                0x00000b71                Com::tEPRFilamentPrinted
                0x0000039b                Com::tFanspeed
                0x00000eff                Com::tEPRStartFeedrate
                0x00000a92                Com::tZProbeX3
                0x000006b5                Com::tAPIDD
                0x00000be0                Com::tEPRXHomePos
                0x00000cdc                Com::tEPRZHomingFeedrate
                0x00000601                Com::tDeltaRadiusCorrectionB
                0x000004d4                Com::tMeasureOriginReset
                0x000003a5                Com::tPrintedFilament
                0x00000cf3                Com::tEPRDiagonalRodLength
                0x0000038d                Com::tFlowMultiply
                0x00000a24                Com::tZProbeOffsetX
                0x00000c00                Com::tEPRZHomePos
                0x00000955                Com::tZProbe
                0x000003d0                Com::tSpaceHoursSpace
                0x000005aa                Com::tTower1
                0x0000037c                Com::tSlash
                0x0000030d                Com::tBrownOut
                0x000006e7                Com::tAPIDKi
                0x00000fac                Com::tEPRYOffset
                0x00000f2b                Com::tEPRHeatManager
                0x00001064                Com::tSDRemoved
                0x00001182                Com::tCreationFailed
                0x00000d3b                Com::tEPRSegmentsPerSecondTravel
                0x0000041c                Com::tLSpace
                0x00000e72                Com::tEPRBedPIDDriveMax
                0x0000041f                Com::tXMinColon
                0x00000c76                Com::tEPRMaxJerk
                0x000002b0                Com::tP
                0x00000356                Com::tXColon
                0x00000a54                Com::tZProbeSpeedXY
                0x00000739                Com::tAPIDFinished
                0x00000fbd                Com::tEPRStabilizeTime
                0x00000abf                Com::tConfigStoredEEPROM
                0x0000082e                Com::tDBGFlags
                0x00000a87                Com::tZProbeY2
                0x000002e5                Com::tSkip
                0x00000eea                Com::tEPRMaxFeedrate
                0x000002aa                Com::tF
                0x00000f85                Com::tEPRPIDMaxValue
                0x000006ad                Com::tAPIDBias
                0x00000a35                Com::tZProbeOffsetY
                0x000006e1                Com::tAPIDKp
                0x00000d8f                Com::tEPRTowerZOffset
                0x000002fe                Com::tExternalReset
                0x00000fd6                Com::tEPRRetractionWhenHeating
                0x000002df                Com::tGot
                0x00000a9d                Com::tZProbeY3
                0x00000c66                Com::tEPRZBacklash
                0x00000370                Com::tSpaceAtColon
                0x000007b0                Com::tTempSensorDefect
                0x000005bc                Com::tTower3
                0x00000794                Com::tMTEMPColon
                0x000002f6                Com::tPowerUp
                0x00000b4c                Com::tEPR0
                0x00000b53                Com::tEPR1
                0x000007fc                Com::tDBGId
                0x00000481                Com::tLinearLColon
                0x00000238                Com::tNewline
                0x00000614                Com::tDeltaRadiusCorrectionC
                0x0000088e                Com::tDBGAdvanceFull
                0x0000080c                Com::tDBAccelSteps
                0x00000c56                Com::tEPRYBacklash
                0x000006f3                Com::tAPIDFailedHigh
                0x000010a8                Com::tBeginFileList
                0x0000042d                Com::tYMinColon
                0x00000365                Com::tSpaceEColon
                0x0000068f                Com::tTargetBedColon
                0x000002ad                Com::tS
                0x00000846                Com::tDBGDir
                0x00000c9d                Com::tEPRZTravelAcceleration
                0x00000856                Com::tDBGVMax
                0x00000259                Com::tResend
                0x00000377                Com::tSpaceAt
                0x00000996                Com::tHitZProbe
                0x000002a7                Com::tE
                0x000002b9                Com::tR
                0x0000086a                Com::tDBGAccelerationPrim
                0x0000034c                Com::tFreeRAM
                0x0000044f                Com::tZJerkColon
                0x00000235                Com::tOk
                0x000009ce                Com::tAutolevelDisabled
                0x00000b86                Com::tEPRPrinterActive
                0x000003b7                Com::tPrintingTime
                0x0000069a                Com::tPIDAutotuneStart
                0x00000499                Com::tMeasurementReset
                0x00000243                Com::tError
                0x0000087d                Com::tDBGRemainingSteps
                0x0000090a                Com::tDBGDeltaMeasurerDelta
                0x000009f3                Com::tZProbeMax
                0x00000bf0                Com::tEPRYHomePos
                0x000005ee                Com::tDeltaRadiusCorrectionA
                0x00000627                Com::tDBGDeltaNoMoveinDSegment
                0x00000c46                Com::tEPRXBacklash
                0x0000084b                Com::tDBGFullSpeed
                0x00000994                Com::tZProbeStartScript
                0x00001192                Com::tSDErrorCode
                0x000006ce                Com::tAPIDTu
                0x00000267                Com::tOkSpace
                0x00000361                Com::tSpaceZColon
                0x000006ba                Com::tAPIDMin
 .progmem.data  0x000011a0        0x1 .objs\cores\Tone.o
 .progmem.data  0x000011a1      0x120 .objs\cores\wiring_digital.o
                0x000011a1                port_to_mode_PGM
                0x000011ef                digital_pin_to_port_PGM
                0x00001235                digital_pin_to_bit_mask_PGM
                0x000011bb                port_to_output_PGM
                0x000011d5                port_to_input_PGM
                0x0000127b                digital_pin_to_timer_PGM
 .progmem.data  0x000012c1      0x52b .objs\Extruder.o
                0x000012c1                osAnalogInputChannels
 .progmem.data  0x000017ec       0x21 .objs\gcode.o
 .progmem.data  0x0000180d      0x224 .objs\HAL.o
 .progmem.data  0x00001a31       0xaf .objs\SdFat.o
 .progmem.data  0x00001ae0       0x3b d:/grabercars/3d printer projects/all firmwares/codeblocks/bin/../lib/gcc/avr/4.3.3/../../../../avr/lib/avr6\libc.a(strtod.o)
                0x00001b1c                . = ALIGN (0x2)
 *fill*         0x00001b1b        0x1 00
                0x00001b1c                __trampolines_start = .
 *(.trampolines)
 .trampolines   0x00001b1c        0x0 linker stubs
 *(.trampolines*)
                0x00001b1c                __trampolines_end = .
 *(.jumptables)
 *(.jumptables*)
 *(.lowtext)
 *(.lowtext*)
                0x00001b1c                __ctors_start = .
 *(.ctors)
 .ctors         0x00001b1c        0x2 .objs\HAL.o
 .ctors         0x00001b1e        0x2 .objs\SDCard.o
                0x00001b20                __ctors_end = .
                0x00001b20                __dtors_start = .
 *(.dtors)
 .dtors         0x00001b20        0x2 .objs\SDCard.o
                0x00001b22                __dtors_end = .
 SORT(*)(.ctors)
 SORT(*)(.dtors)
 *(.init0)
 .init0         0x00001b22        0x0 d:/grabercars/3d printer projects/all firmwares/codeblocks/bin/../lib/gcc/avr/4.3.3/../../../../avr/lib/avr6/crtm2560.o
                0x00001b22                __init
 *(.init0)
 *(.init1)
 *(.init1)
 *(.init2)
 .init2         0x00001b22       0x10 d:/grabercars/3d printer projects/all firmwares/codeblocks/bin/../lib/gcc/avr/4.3.3/../../../../avr/lib/avr6/crtm2560.o
 *(.init2)
 *(.init3)
 *(.init3)
 *(.init4)
 .init4         0x00001b32       0x1c d:/grabercars/3d printer projects/all firmwares/codeblocks/bin/../lib/gcc/avr/4.3.3/../../../../avr/lib/avr6/crtm2560.o
                0x00001b32                __do_copy_data
 .init4         0x00001b4e       0x10 d:/grabercars/3d printer projects/all firmwares/codeblocks/bin/../lib/gcc/avr/4.3.3/avr6\libgcc.a(_clear_bss.o)
                0x00001b4e                __do_clear_bss
 *(.init4)
 *(.init5)
 *(.init5)
 *(.init6)
 .init6         0x00001b5e       0x16 d:/grabercars/3d printer projects/all firmwares/codeblocks/bin/../lib/gcc/avr/4.3.3/avr6\libgcc.a(_ctors.o)
                0x00001b5e                __do_global_ctors
 *(.init6)
 *(.init7)
 *(.init7)
 *(.init8)
 *(.init8)
 *(.init9)
 .init9         0x00001b74        0x8 d:/grabercars/3d printer projects/all firmwares/codeblocks/bin/../lib/gcc/avr/4.3.3/../../../../avr/lib/avr6/crtm2560.o
 *(.init9)
 *(.text)
 .text          0x00001b7c        0x4 d:/grabercars/3d printer projects/all firmwares/codeblocks/bin/../lib/gcc/avr/4.3.3/../../../../avr/lib/avr6/crtm2560.o
                0x00001b7c                __vector_38
                0x00001b7c                __vector_28
                0x00001b7c                __vector_32
                0x00001b7c                __vector_34
                0x00001b7c                __vector_24
                0x00001b7c                __vector_12
                0x00001b7c                __vector_55
                0x00001b7c                __vector_46
                0x00001b7c                __bad_interrupt
                0x00001b7c                __vector_31
                0x00001b7c                __vector_35
                0x00001b7c                __vector_39
                0x00001b7c                __vector_30
                0x00001b7c                __vector_45
                0x00001b7c                __vector_11
                0x00001b7c                __vector_54
                0x00001b7c                __vector_19
                0x00001b7c                __vector_56
                0x00001b7c                __vector_49
                0x00001b7c                __vector_41
                0x00001b7c                __vector_43
                0x00001b7c                __vector_27
                0x00001b7c                __vector_33
                0x00001b7c                __vector_47
                0x00001b7c                __vector_52
                0x00001b7c                __vector_37
                0x00001b7c                __vector_44
                0x00001b7c                __vector_51
                0x00001b7c                __vector_9
                0x00001b7c                __vector_15
                0x00001b7c                __vector_36
                0x00001b7c                __vector_29
                0x00001b7c                __vector_40
                0x00001b7c                __vector_48
                0x00001b7c                __vector_14
                0x00001b7c                __vector_53
                0x00001b7c                __vector_10
                0x00001b7c                __vector_50
                0x00001b7c                __vector_16
                0x00001b7c                __vector_18
                0x00001b7c                __vector_20
                0x00001b7c                __vector_42
 .text          0x00001b80      0x204 d:/grabercars/3d printer projects/all firmwares/codeblocks/bin/../lib/gcc/avr/4.3.3/../../../../avr/lib/avr6\libc.a(malloc.o)
                0x00001b80                malloc
                0x00001cd4                free
 .text          0x00001d84      0x2c0 d:/grabercars/3d printer projects/all firmwares/codeblocks/bin/../lib/gcc/avr/4.3.3/../../../../avr/lib/avr6\libc.a(strtod.o)
                0x00001d84                strtod
 .text          0x00002044      0x25e d:/grabercars/3d printer projects/all firmwares/codeblocks/bin/../lib/gcc/avr/4.3.3/../../../../avr/lib/avr6\libc.a(strtol.o)
                0x00002044                strtol
 .text          0x000022a2       0x30 d:/grabercars/3d printer projects/all firmwares/codeblocks/bin/../lib/gcc/avr/4.3.3/../../../../avr/lib/avr6\libc.a(strncasecmp_P.o)
                0x000022a2                strncasecmp_P
 .text          0x000022d2       0x1a d:/grabercars/3d printer projects/all firmwares/codeblocks/bin/../lib/gcc/avr/4.3.3/../../../../avr/lib/avr6\libc.a(memcmp.o)
                0x000022d2                memcmp
 .text          0x000022ec       0x12 d:/grabercars/3d printer projects/all firmwares/codeblocks/bin/../lib/gcc/avr/4.3.3/../../../../avr/lib/avr6\libc.a(memcpy.o)
                0x000022ec                memcpy
 .text          0x000022fe       0x16 d:/grabercars/3d printer projects/all firmwares/codeblocks/bin/../lib/gcc/avr/4.3.3/../../../../avr/lib/avr6\libc.a(strchr.o)
                0x000022fe                strchr
                0x00002314                . = ALIGN (0x2)
 *(.text.*)
 .text._ZN3HAL11eprSetInt16Eji
                0x00002314       0x30 .objs\Commands.o
                0x00002314                HAL::eprSetInt16(unsigned int, int)
 .text._ZN3HAL11eprGetInt16Ej
                0x00002344       0x1e .objs\Commands.o
                0x00002344                HAL::eprGetInt16(unsigned int)
 .text._ZN3HAL11eprGetFloatEj
                0x00002362       0x4c .objs\Commands.o
                0x00002362                HAL::eprGetFloat(unsigned int)
 .text._ZN6EEPROM13zProbeXYSpeedEv
                0x000023ae        0xa .objs\Commands.o
                0x000023ae                EEPROM::zProbeXYSpeed()
 .text._Z14microstep_initv
                0x000023b8        0x2 .objs\Commands.o
                0x000023b8                microstep_init()
 .text._ZN8Commands18writeLowestFreeRAMEv
                0x000023ba       0x28 .objs\Commands.o
                0x000023ba                Commands::writeLowestFreeRAM()
 .text._ZN8Commands21changeFlowateMultiplyEi
                0x000023e2       0x2a .objs\Commands.o
                0x000023e2                Commands::changeFlowateMultiply(int)
 .text._ZN8Commands22changeFeedrateMultiplyEi
                0x0000240c       0xa0 .objs\Commands.o
                0x0000240c                Commands::changeFeedrateMultiply(int)
 .text._ZN8Commands15checkFreeMemoryEv
                0x000024ac       0x1e .objs\Commands.o
                0x000024ac                Commands::checkFreeMemory()
 .text._ZN8Commands13emergencyStopEv
                0x000024ca        0x6 .objs\Commands.o
                0x000024ca                Commands::emergencyStop()
 .text._ZN8Commands20printCurrentPositionEv
                0x000024d0      0x16a .objs\Commands.o
                0x000024d0                Commands::printCurrentPosition()
 .text._ZN3Com7printlnEv
                0x0000263a       0x1e .objs\Commands.o
                0x0000263a                Com::println()
 .text._ZN8Commands18reportPrinterUsageEv
                0x00002658      0x220 .objs\Commands.o
                0x00002658                Commands::reportPrinterUsage()
 .text._ZN8Commands17printTemperaturesEv
                0x00002878       0xbc .objs\Commands.o
                0x00002878                Commands::printTemperatures()
 .text._ZN8Commands25checkForPeriodicalActionsEv
                0x00002934       0x32 .objs\Commands.o
                0x00002934                Commands::checkForPeriodicalActions()
 .text._ZN8Commands22waitUntilEndOfAllMovesEv
                0x00002966       0x14 .objs\Commands.o
                0x00002966                Commands::waitUntilEndOfAllMoves()
 .text._ZN8Commands12executeGCodeEP5GCode
                0x0000297a     0x26fe .objs\Commands.o
                0x0000297a                Commands::executeGCode(GCode*)
 .text._ZN8Commands11commandLoopEv
                0x00005078       0x56 .objs\Commands.o
                0x00005078                Commands::commandLoop()
 .text._ZN3Com5printEPKc
                0x000050ce       0x1e .objs\Communication.o
                0x000050ce                Com::print(char const*)
 .text._ZN3Com11printNumberEm
                0x000050ec       0xa0 .objs\Communication.o
                0x000050ec                Com::printNumber(unsigned long)
 .text._ZN3Com5printEl
                0x0000518c       0x3c .objs\Communication.o
                0x0000518c                Com::print(long)
 .text._ZN3Com6printFEPKc
                0x000051c8       0x20 .objs\Communication.o
                0x000051c8                Com::printF(char const*)
 .text._ZN3Com8printFLNEPKcm
                0x000051e8       0x26 .objs\Communication.o
                0x000051e8                Com::printFLN(char const*, unsigned long)
 .text._ZN3Com8printFLNEPKcl
                0x0000520e       0x26 .objs\Communication.o
                0x0000520e                Com::printFLN(char const*, long)
 .text._ZN3Com8printFLNEPKci
                0x00005234       0x2c .objs\Communication.o
                0x00005234                Com::printFLN(char const*, int)
 .text._ZN3Com6printFEPKcm
                0x00005260       0x22 .objs\Communication.o
                0x00005260                Com::printF(char const*, unsigned long)
 .text._ZN3Com6printFEPKcl
                0x00005282       0x22 .objs\Communication.o
                0x00005282                Com::printF(char const*, long)
 .text._ZN3Com13printArrayFLNEPKcPlh
                0x000052a4       0x46 .objs\Communication.o
                0x000052a4                Com::printArrayFLN(char const*, long*, unsigned char)
 .text._ZN3Com6printFEPKci
                0x000052ea       0x28 .objs\Communication.o
                0x000052ea                Com::printF(char const*, int)
 .text._ZN3Com6printFEPKcS1_
                0x00005312       0x16 .objs\Communication.o
                0x00005312                Com::printF(char const*, char const*)
 .text._ZN3Com8printFLNEPKcS1_
                0x00005328       0x1a .objs\Communication.o
                0x00005328                Com::printFLN(char const*, char const*)
 .text._ZN3Com8printFLNEPKc
                0x00005342        0xa .objs\Communication.o
                0x00005342                Com::printFLN(char const*)
 .text._ZN3Com13printErrorFLNEPKc
                0x0000534c       0x1a .objs\Communication.o
                0x0000534c                Com::printErrorFLN(char const*)
 .text._ZN3Com12printInfoFLNEPKc
                0x00005366       0x1a .objs\Communication.o
                0x00005366                Com::printInfoFLN(char const*)
 .text._ZN3Com10printInfoFEPKc
                0x00005380       0x1a .objs\Communication.o
                0x00005380                Com::printInfoF(char const*)
 .text._ZN3Com15printWarningFLNEPKc
                0x0000539a       0x1a .objs\Communication.o
                0x0000539a                Com::printWarningFLN(char const*)
 .text._ZN3Com10printFloatEfh
                0x000053b4      0x156 .objs\Communication.o
                0x000053b4                Com::printFloat(float, unsigned char)
 .text._ZN3Com6printFEPKcfh
                0x0000550a       0x2a .objs\Communication.o
                0x0000550a                Com::printF(char const*, float, unsigned char)
 .text._ZN3Com8printFLNEPKcfh
                0x00005534       0x2e .objs\Communication.o
                0x00005534                Com::printFLN(char const*, float, unsigned char)
 .text.main     0x00005562       0x1e .objs\cores\main.o
                0x00005562                main
 .text._ZN5Print5writeEPKhj
                0x00005580       0x54 .objs\cores\Print.o
                0x00005580                Print::write(unsigned char const*, unsigned int)
 .text._Z12disableTimerh
                0x000055d4       0x66 .objs\cores\Tone.o
                0x000055d4                disableTimer(unsigned char)
 .text._Z6noToneh
                0x0000563a       0x2e .objs\cores\Tone.o
                0x0000563a                noTone(unsigned char)
 .text.__vector_13
                0x00005668       0xc0 .objs\cores\Tone.o
                0x00005668                __vector_13
 .text._Z4tonehjm
                0x00005728      0x5f4 .objs\cores\Tone.o
                0x00005728                tone(unsigned char, unsigned int, unsigned long)
 .text.__vector_1
                0x00005d1c       0x62 .objs\cores\WInterrupts.o
                0x00005d1c                __vector_1
 .text.__vector_2
                0x00005d7e       0x62 .objs\cores\WInterrupts.o
                0x00005d7e                __vector_2
 .text.__vector_3
                0x00005de0       0x62 .objs\cores\WInterrupts.o
                0x00005de0                __vector_3
 .text.__vector_4
                0x00005e42       0x62 .objs\cores\WInterrupts.o
                0x00005e42                __vector_4
 .text.__vector_5
                0x00005ea4       0x62 .objs\cores\WInterrupts.o
                0x00005ea4                __vector_5
 .text.__vector_6
                0x00005f06       0x62 .objs\cores\WInterrupts.o
                0x00005f06                __vector_6
 .text.__vector_7
                0x00005f68       0x62 .objs\cores\WInterrupts.o
                0x00005f68                __vector_7
 .text.__vector_8
                0x00005fca       0x62 .objs\cores\WInterrupts.o
                0x00005fca                __vector_8
 .text.__vector_23
                0x0000602c       0x90 .objs\cores\wiring.o
                0x0000602c                __vector_23
 .text.millis   0x000060bc       0x1c .objs\cores\wiring.o
                0x000060bc                millis
 .text.micros   0x000060d8       0x4c .objs\cores\wiring.o
                0x000060d8                micros
 .text.delay    0x00006124       0x4c .objs\cores\wiring.o
                0x00006124                delay
 .text.delayMicroseconds
                0x00006170       0x14 .objs\cores\wiring.o
                0x00006170                delayMicroseconds
 .text.init     0x00006184       0xc4 .objs\cores\wiring.o
                0x00006184                init
 .text.analogWrite
                0x00006248      0x1c0 .objs\cores\wiring_analog.o
                0x00006248                analogWrite
 .text.pinMode  0x00006408       0x7e .objs\cores\wiring_digital.o
                0x00006408                pinMode
 .text.turnOffPWM
                0x00006486       0xe8 .objs\cores\wiring_digital.o
 .text.digitalWrite
                0x0000656e       0x66 .objs\cores\wiring_digital.o
                0x0000656e                digitalWrite
 .text._ZN3HAL11eprSetInt32Ejl
                0x000065d4       0x64 .objs\Eeprom.o
                0x000065d4                HAL::eprSetInt32(unsigned int, long)
 .text._ZN3HAL11eprSetFloatEjf
                0x00006638       0x50 .objs\Eeprom.o
                0x00006638                HAL::eprSetFloat(unsigned int, float)
 .text._ZN3HAL11eprGetInt32Ej
                0x00006688       0x3e .objs\Eeprom.o
                0x00006688                HAL::eprGetInt32(unsigned int)
 .text._ZN6EEPROM17initalizeUncachedEv
                0x000066c6      0x16e .objs\Eeprom.o
                0x000066c6                EEPROM::initalizeUncached()
 .text._ZN6EEPROM12initBaudrateEv
                0x00006834        0xe .objs\Eeprom.o
                0x00006834                EEPROM::initBaudrate()
 .text._ZN6EEPROM15computeChecksumEv
                0x00006842       0x2a .objs\Eeprom.o
                0x00006842                EEPROM::computeChecksum()
 .text._ZN6EEPROM19storeDataIntoEEPROMEh
                0x0000686c      0x642 .objs\Eeprom.o
                0x0000686c                EEPROM::storeDataIntoEEPROM(unsigned char)
 .text._ZN6EEPROM4initEv
                0x00006eae       0x52 .objs\Eeprom.o
                0x00006eae                EEPROM::init()
 .text._ZN3Com5printEc
                0x00006f00        0xc .objs\Eeprom.o
                0x00006f00                Com::print(char)
 .text._ZN6EEPROM19writeExtruderPrefixEj
                0x00006f0c       0x28 .objs\Eeprom.o
                0x00006f0c                EEPROM::writeExtruderPrefix(unsigned int)
 .text._ZN6EEPROM9writeByteEjPKc
                0x00006f34       0x52 .objs\Eeprom.o
                0x00006f34                EEPROM::writeByte(unsigned int, char const*)
 .text._ZN6EEPROM8writeIntEjPKc
                0x00006f86       0x4e .objs\Eeprom.o
                0x00006f86                EEPROM::writeInt(unsigned int, char const*)
 .text._ZN6EEPROM9writeLongEjPKc
                0x00006fd4       0x42 .objs\Eeprom.o
                0x00006fd4                EEPROM::writeLong(unsigned int, char const*)
 .text._ZN6EEPROM10writeFloatEjPKch
                0x00007016       0x4a .objs\Eeprom.o
                0x00007016                EEPROM::writeFloat(unsigned int, char const*, unsigned char)
 .text._ZN6EEPROM13writeSettingsEv
                0x00007060      0x394 .objs\Eeprom.o
                0x00007060                EEPROM::writeSettings()
 .text._ZN6EEPROM18updatePrinterUsageEv
                0x000073f4      0x120 .objs\Eeprom.o
                0x000073f4                EEPROM::updatePrinterUsage()
 .text._ZN6EEPROM18readDataFromEEPROMEv
                0x00007514      0x6d6 .objs\Eeprom.o
                0x00007514                EEPROM::readDataFromEEPROM()
 .text._ZN6EEPROM6updateEP5GCode
                0x00007bea       0xcc .objs\Eeprom.o
                0x00007bea                EEPROM::update(GCode*)
 .text._ZN6EEPROM38restoreEEPROMSettingsFromConfigurationEv
                0x00007cb6      0x612 .objs\Eeprom.o
                0x00007cb6                EEPROM::restoreEEPROMSettingsFromConfiguration()
 .text._ZN21TemperatureController21updateTempControlVarsEv
                0x000082c8       0x8e .objs\Extruder.o
                0x000082c8                TemperatureController::updateTempControlVars()
 .text._ZN8Extruder13initHeatedBedEv
                0x00008356        0xa .objs\Extruder.o
                0x00008356                Extruder::initHeatedBed()
 .text._ZN8Extruder23getHeatedBedTemperatureEv
                0x00008360       0x16 .objs\Extruder.o
                0x00008360                Extruder::getHeatedBedTemperature()
 .text._ZN21TemperatureController24updateCurrentTemperatureEv
                0x00008376      0x2ec .objs\Extruder.o
                0x00008376                TemperatureController::updateCurrentTemperature()
 .text._ZN21TemperatureController20setTargetTemperatureEf
                0x00008662      0x212 .objs\Extruder.o
                0x00008662                TemperatureController::setTargetTemperature(float)
 .text._ZN8Extruder16disableAllHeaterEv
                0x00008874       0x8c .objs\Extruder.o
                0x00008874                Extruder::disableAllHeater()
 .text._Z21reportTempsensorErrorv
                0x00008900       0x9a .objs\Extruder.o
                0x00008900                reportTempsensorError()
 .text._Z13write_monitorv
                0x0000899a       0x76 .objs\Extruder.o
                0x0000899a                write_monitor()
 .text._ZN8Extruder18manageTemperaturesEv
                0x00008a10      0x698 .objs\Extruder.o
                0x00008a10                Extruder::manageTemperatures()
 .text._ZN8Extruder23setHeatedBedTemperatureEf
                0x000090a8       0xa6 .objs\Extruder.o
                0x000090a8                Extruder::setHeatedBedTemperature(float)
 .text._ZN21TemperatureController11autotunePIDEfh
                0x0000914e      0x56a .objs\Extruder.o
                0x0000914e                TemperatureController::autotunePID(float, unsigned char)
 .text._ZN8Extruder27disableCurrentExtruderMotorEv
                0x000096b8       0x1a .objs\Extruder.o
                0x000096b8                Extruder::disableCurrentExtruderMotor()
 .text._ZN8Extruder25setTemperatureForExtruderEfh
                0x000096d2      0x208 .objs\Extruder.o
                0x000096d2                Extruder::setTemperatureForExtruder(float, unsigned char)
 .text._ZN8Extruder18selectExtruderByIdEh
                0x000098da      0x446 .objs\Extruder.o
                0x000098da                Extruder::selectExtruderById(unsigned char)
 .text._ZN8Extruder12initExtruderEv
                0x00009d20       0x66 .objs\Extruder.o
                0x00009d20                Extruder::initExtruder()
 .text._ZN5GCode17computeBinarySizeEPc
                0x00009d86       0x72 .objs\gcode.o
                0x00009d86                GCode::computeBinarySize(char*)
 .text._ZN5GCode11pushCommandEv
                0x00009df8       0x1c .objs\gcode.o
                0x00009df8                GCode::pushCommand()
 .text._ZN5GCode18peekCurrentCommandEv
                0x00009e14       0x22 .objs\gcode.o
                0x00009e14                GCode::peekCurrentCommand()
 .text._ZN5GCode12printCommandEv
                0x00009e36      0x192 .objs\gcode.o
                0x00009e36                GCode::printCommand()
 .text._ZN5GCode10parseAsciiEPcb
                0x00009fc8      0x396 .objs\gcode.o
                0x00009fc8                GCode::parseAscii(char*, bool)
 .text._ZN5GCode11parseBinaryEPhb
                0x0000a35e      0x22a .objs\gcode.o
                0x0000a35e                GCode::parseBinary(unsigned char*, bool)
 .text._ZN5GCode14executeFStringEPKc
                0x0000a588       0xca .objs\gcode.o
                0x0000a588                GCode::executeFString(char const*)
 .text._ZN5GCode11echoCommandEv
                0x0000a652       0x22 .objs\gcode.o
                0x0000a652                GCode::echoCommand()
 .text._ZN5GCode17popCurrentCommandEv
                0x0000a674       0x2c .objs\gcode.o
                0x0000a674                GCode::popCurrentCommand()
 .text._ZN5GCode13requestResendEv
                0x0000a6a0       0x4c .objs\gcode.o
                0x0000a6a0                GCode::requestResend()
 .text._ZN5GCode19checkAndPushCommandEv
                0x0000a6ec      0x158 .objs\gcode.o
                0x0000a6ec                GCode::checkAndPushCommand()
 .text._ZN5GCode14readFromSerialEv
                0x0000a844      0x406 .objs\gcode.o
                0x0000a844                GCode::readFromSerial()
 .text._ZN8Extruder12setDirectionEh
                0x0000ac4a       0x3c .objs\HAL.o
                0x0000ac4a                Extruder::setDirection(unsigned char)
 .text._ZN3HAL11integerSqrtEl
                0x0000ac86       0x58 .objs\HAL.o
                0x0000ac86                HAL::integerSqrt(long)
 .text._ZN3HAL8CPUDivU2Ej
                0x0000acde      0x174 .objs\HAL.o
                0x0000acde                HAL::CPUDivU2(unsigned int)
 .text._ZN3HAL10setupTimerEv
                0x0000ae52       0x40 .objs\HAL.o
                0x0000ae52                HAL::setupTimer()
 .text._ZN3HAL13resetHardwareEv
                0x0000ae92        0xc .objs\HAL.o
                0x0000ae92                HAL::resetHardware()
 .text._ZN3HAL11analogStartEv
                0x0000ae9e       0xa8 .objs\HAL.o
                0x0000ae9e                HAL::analogStart()
 .text.__vector_22
                0x0000af46      0x206 .objs\HAL.o
                0x0000af46                __vector_22
 .text.__vector_21
                0x0000b14c      0x114 .objs\HAL.o
                0x0000b14c                __vector_21
 .text.__vector_25
                0x0000b260       0x54 .objs\HAL.o
                0x0000b260                __vector_25
 .text.__vector_26
                0x0000b2b4       0x60 .objs\HAL.o
                0x0000b2b4                __vector_26
 .text._ZN16RFHardwareSerial5beginEm
                0x0000b314      0x10c .objs\HAL.o
                0x0000b314                RFHardwareSerial::begin(unsigned long)
 .text._ZN16RFHardwareSerial9availableEv
                0x0000b420       0x24 .objs\HAL.o
                0x0000b420                RFHardwareSerial::available()
 .text._ZN16RFHardwareSerial4peekEv
                0x0000b444       0x36 .objs\HAL.o
                0x0000b444                RFHardwareSerial::peek()
 .text._ZN16RFHardwareSerial4readEv
                0x0000b47a       0x3e .objs\HAL.o
                0x0000b47a                RFHardwareSerial::read()
 .text._ZN16RFHardwareSerial5flushEv
                0x0000b4b8       0x1c .objs\HAL.o
                0x0000b4b8                RFHardwareSerial::flush()
 .text._ZN16RFHardwareSerial5writeEh
                0x0000b4d4       0x62 .objs\HAL.o
                0x0000b4d4                RFHardwareSerial::write(unsigned char)
 .text._GLOBAL__I__ZN3HALC2Ev
                0x0000b536       0x88 .objs\HAL.o
 .text.__vector_17
                0x0000b5be      0x184 .objs\HAL.o
                0x0000b5be                __vector_17
 .text._ZN3HAL10getFreeRamEv
                0x0000b742       0x2c .objs\HAL.o
                0x0000b742                HAL::getFreeRam()
 .text._ZN3HAL15showStartReasonEv
                0x0000b76e       0x48 .objs\HAL.o
                0x0000b76e                HAL::showStartReason()
 .text._ZN9PrintLine18updateAdvanceStepsEjhb
                0x0000b7b6       0xba .objs\motion.o
                0x0000b7b6                PrintLine::updateAdvanceSteps(unsigned int, unsigned char, bool)
 .text._ZN9PrintLine32removeCurrentLineForbidInterruptEv
                0x0000b870       0x28 .objs\motion.o
                0x0000b870                PrintLine::removeCurrentLineForbidInterrupt()
 .text._ZN9PrintLine23insertWaitMovesIfNeededEhh
                0x0000b898       0xb0 .objs\motion.o
                0x0000b898                PrintLine::insertWaitMovesIfNeeded(unsigned char, unsigned char)
 .text._ZN9PrintLine26calculateDirectionAndDeltaEPlPhS0_
                0x0000b948       0xb0 .objs\motion.o
                0x0000b948                PrintLine::calculateDirectionAndDelta(long*, unsigned char*, long*)
 .text._ZN9PrintLine17waitForXFreeLinesEh
                0x0000b9f8       0x28 .objs\motion.o
                0x0000b9f8                PrintLine::waitForXFreeLines(unsigned char)
 .text._ZN9PrintLine3arcEPfS0_S0_fh
                0x0000ba20      0x5f6 .objs\motion.o
                0x0000ba20                PrintLine::arc(float*, float*, float*, float, unsigned char)
 .text._Z35transformCartesianStepsToDeltaStepsPlS_
                0x0000c016      0x4b4 .objs\motion.o
                0x0000c016                transformCartesianStepsToDeltaSteps(long*, long*)
 .text._ZN9PrintLine7logLineEv
                0x0000c4ca       0xb0 .objs\motion.o
                0x0000c4ca                PrintLine::logLine()
 .text._ZN9PrintLine20updateStepsParameterEv
                0x0000c57a      0x2c2 .objs\motion.o
                0x0000c57a                PrintLine::updateStepsParameter()
 .text._ZN9PrintLine13bresenhamStepEv
                0x0000c83c      0xd56 .objs\motion.o
                0x0000c83c                PrintLine::bresenhamStep()
 .text._ZN9PrintLine16updateTrapezoidsEv
                0x0000d592      0xb48 .objs\motion.o
                0x0000d592                PrintLine::updateTrapezoids()
 .text._ZN9PrintLine13calculateMoveEPfh
                0x0000e0da      0xc28 .objs\motion.o
                0x0000e0da                PrintLine::calculateMove(float*, unsigned char)
 .text._ZN9PrintLine14queueDeltaMoveEhhh
                0x0000ed02     0x11ac .objs\motion.o
                0x0000ed02                PrintLine::queueDeltaMove(unsigned char, unsigned char, unsigned char)
 .text._ZN9PrintLine27moveRelativeDistanceInStepsEllllfbb
                0x0000feae      0x13e .objs\motion.o
                0x0000feae                PrintLine::moveRelativeDistanceInSteps(long, long, long, long, float, bool, bool)
 .text._ZN7Printer18updateAdvanceFlagsEv
                0x0000ffec       0x70 .objs\Printer.o
                0x0000ffec                Printer::updateAdvanceFlags()
 .text._ZN7Printer21updateCurrentPositionEv
                0x0001005c      0x14a .objs\Printer.o
                0x0001005c                Printer::updateCurrentPosition()
 .text._ZN7Printer18transformToPrinterEfffRfS0_S0_
                0x000101a6      0x1d0 .objs\Printer.o
                0x000101a6                Printer::transformToPrinter(float, float, float, float&, float&, float&)
 .text._ZN7Printer20transformFromPrinterEfffRfS0_S0_
                0x00010376      0x1d0 .objs\Printer.o
                0x00010376                Printer::transformFromPrinter(float, float, float, float&, float&, float&)
 .text._ZN7Printer25buildTransformationMatrixEfff
                0x00010546      0x488 .objs\Printer.o
                0x00010546                Printer::buildTransformationMatrix(float, float, float)
 .text._ZN7Printer25resetTransformationMatrixEb
                0x000109ce       0xae .objs\Printer.o
                0x000109ce                Printer::resetTransformationMatrix(bool)
 .text._ZN7Printer18setAutolevelActiveEb
                0x00010a7c       0x44 .objs\Printer.o
                0x00010a7c                Printer::setAutolevelActive(bool)
 .text._ZN7Printer9runZProbeEbb
                0x00010ac0      0x574 .objs\Printer.o
                0x00010ac0                Printer::runZProbe(bool, bool)
 .text._ZN7Printer12runZMaxProbeEv
                0x00011034      0x226 .objs\Printer.o
                0x00011034                Printer::runZMaxProbe()
 .text._ZN7Printer6moveToEfffff
                0x0001125a      0x1b8 .objs\Printer.o
                0x0001125a                Printer::moveTo(float, float, float, float, float)
 .text._ZN7Printer22deltaMoveToTopEndstopsEf
                0x00011412      0x102 .objs\Printer.o
                0x00011412                Printer::deltaMoveToTopEndstops(float)
 .text._ZN7Printer9homeZAxisEv
                0x00011514      0x402 .objs\Printer.o
                0x00011514                Printer::homeZAxis()
 .text._ZN7Printer8homeAxisEbbb
                0x00011916       0x62 .objs\Printer.o
                0x00011916                Printer::homeAxis(bool, bool, bool)
 .text._ZN7Printer28setDestinationStepsFromGCodeEP5GCode
                0x00011978      0x5e2 .objs\Printer.o
                0x00011978                Printer::setDestinationStepsFromGCode(GCode*)
 .text._ZN7Printer9setOriginEfff
                0x00011f5a      0x1ba .objs\Printer.o
                0x00011f5a                Printer::setOrigin(float, float, float)
 .text._ZN7Printer10moveToRealEfffff
                0x00012114      0x27c .objs\Printer.o
                0x00012114                Printer::moveToReal(float, float, float, float, float)
 .text._ZN7Printer4killEh
                0x00012390       0x78 .objs\Printer.o
                0x00012390                Printer::kill(unsigned char)
 .text._ZN7Printer18defaultLoopActionsEv
                0x00012408       0xce .objs\Printer.o
                0x00012408                Printer::defaultLoopActions()
 .text._ZN7Printer22updateDerivedParameterEv
                0x000124d6      0x75c .objs\Printer.o
                0x000124d6                Printer::updateDerivedParameter()
 .text._ZN7Printer5setupEv
                0x00012c32      0x27e .objs\Printer.o
                0x00012c32                Printer::setup()
 .text.loop     0x00012eb0        0x6 .objs\Repetier.o
                0x00012eb0                loop
 .text.setup    0x00012eb6        0x6 .objs\Repetier.o
                0x00012eb6                setup
 .text._ZN6SDCardC1Ev
                0x00012ebc       0x22 .objs\SDCard.o
                0x00012ebc                SDCard::SDCard()
 .text._ZN6SDCard14createFilenameEPcRK14directoryEntry
                0x00012ede       0x28 .objs\SDCard.o
                0x00012ede                SDCard::createFilename(char*, directoryEntry const&)
 .text._ZN6SDCard12showFilenameEPKh
                0x00012f06       0x24 .objs\SDCard.o
                0x00012f06                SDCard::showFilename(unsigned char const*)
 .text._Z41__static_initialization_and_destruction_0ii
                0x00012f2a       0x42 .objs\SDCard.o
 .text._GLOBAL__D_sd
                0x00012f6c        0xe .objs\SDCard.o
 .text._GLOBAL__I_sd
                0x00012f7a        0xe .objs\SDCard.o
 .text._ZN6SDCard13makeDirectoryEPc
                0x00012f88       0x52 .objs\SDCard.o
                0x00012f88                SDCard::makeDirectory(char*)
 .text._ZN6SDCard10deleteFileEPc
                0x00012fda       0x5c .objs\SDCard.o
                0x00012fda                SDCard::deleteFile(char*)
 .text._ZN6SDCard11finishWriteEv
                0x00013036       0x3c .objs\SDCard.o
                0x00013036                SDCard::finishWrite()
 .text._ZN6SDCard10startWriteEPc
                0x00013072       0x70 .objs\SDCard.o
                0x00013072                SDCard::startWrite(char*)
 .text._ZN6SDCard11printStatusEv
                0x000130e2       0x4a .objs\SDCard.o
                0x000130e2                SDCard::printStatus()
 .text._ZN6SDCard10selectFileEPc
                0x0001312c       0xb0 .objs\SDCard.o
                0x0001312c                SDCard::selectFile(char*)
 .text._ZN6SDCard11lsRecursiveEP10SdBaseFileh
                0x000131dc      0x1f2 .objs\SDCard.o
                0x000131dc                SDCard::lsRecursive(SdBaseFile*, unsigned char)
 .text._ZN6SDCard2lsEv
                0x000133ce       0x48 .objs\SDCard.o
                0x000133ce                SDCard::ls()
 .text._ZN6SDCard13write_commandEP5GCode
                0x00013416      0x35c .objs\SDCard.o
                0x00013416                SDCard::write_command(GCode*)
 .text._ZN6SDCard6initsdEv
                0x00013772       0x2c .objs\SDCard.o
                0x00013772                SDCard::initsd()
 .text._ZN10SdBaseFile10make83NameEPKcPhPS1_
                0x0001379e       0x92 .objs\SdFat.o
                0x0001379e                SdBaseFile::make83Name(char const*, unsigned char*, char const**)
 .text._ZL7spiInith
                0x00013830       0x38 .objs\SdFat.o
 .text._ZN7Sd2Card11waitNotBusyEj
                0x00013868       0x46 .objs\SdFat.o
                0x00013868                Sd2Card::waitNotBusy(unsigned int)
 .text._ZN7Sd2Card13chipSelectLowEv
                0x000138ae       0x1e .objs\SdFat.o
                0x000138ae                Sd2Card::chipSelectLow()
 .text._ZN7Sd2Card11cardCommandEhm
                0x000138cc       0xa6 .objs\SdFat.o
                0x000138cc                Sd2Card::cardCommand(unsigned char, unsigned long)
 .text._ZN7Sd2Card14chipSelectHighEv
                0x00013972       0x16 .objs\SdFat.o
                0x00013972                Sd2Card::chipSelectHigh()
 .text._ZN7Sd2Card9writeDataEhPKh
                0x00013988       0x74 .objs\SdFat.o
                0x00013988                Sd2Card::writeData(unsigned char, unsigned char const*)
 .text._ZN7Sd2Card10writeBlockEmPKh
                0x000139fc       0xac .objs\SdFat.o
                0x000139fc                Sd2Card::writeBlock(unsigned long, unsigned char const*)
 .text._ZN8SdVolume10cacheFlushEv
                0x00013aa8       0x76 .objs\SdFat.o
                0x00013aa8                SdVolume::cacheFlush()
 .text._ZN7Sd2Card8readDataEPhj
                0x00013b1e       0xca .objs\SdFat.o
                0x00013b1e                Sd2Card::readData(unsigned char*, unsigned int)
 .text._ZN7Sd2Card9readBlockEmPh
                0x00013be8       0x68 .objs\SdFat.o
                0x00013be8                Sd2Card::readBlock(unsigned long, unsigned char*)
 .text._ZN8SdVolume13cacheRawBlockEmb
                0x00013c50       0x78 .objs\SdFat.o
                0x00013c50                SdVolume::cacheRawBlock(unsigned long, bool)
 .text._ZN8SdVolume4initEP7Sd2Cardh
                0x00013cc8      0x2ce .objs\SdFat.o
                0x00013cc8                SdVolume::init(Sd2Card*, unsigned char)
 .text._ZN8SdVolume6fatPutEmm
                0x00013f96      0x10e .objs\SdFat.o
                0x00013f96                SdVolume::fatPut(unsigned long, unsigned long)
 .text._ZN8SdVolume6fatGetEmPm
                0x000140a4       0xec .objs\SdFat.o
                0x000140a4                SdVolume::fatGet(unsigned long, unsigned long*)
 .text._ZN8SdVolume9freeChainEm
                0x00014190       0xbc .objs\SdFat.o
                0x00014190                SdVolume::freeChain(unsigned long)
 .text._ZN8SdVolume9chainSizeEmPm
                0x0001424c       0xd8 .objs\SdFat.o
                0x0001424c                SdVolume::chainSize(unsigned long, unsigned long*)
 .text._ZN10SdBaseFile8openRootEP8SdVolume
                0x00014324       0xa6 .objs\SdFat.o
                0x00014324                SdBaseFile::openRoot(SdVolume*)
 .text._ZN8SdVolume15allocContiguousEmPm
                0x000143ca      0x21e .objs\SdFat.o
                0x000143ca                SdVolume::allocContiguous(unsigned long, unsigned long*)
 .text._ZN10SdBaseFile10addClusterEv
                0x000145e8       0x4e .objs\SdFat.o
                0x000145e8                SdBaseFile::addCluster()
 .text._ZN10SdBaseFile7seekSetEm
                0x00014636      0x152 .objs\SdFat.o
                0x00014636                SdBaseFile::seekSet(unsigned long)
 .text._ZN10SdBaseFile13cacheDirEntryEh
                0x00014788       0x42 .objs\SdFat.o
                0x00014788                SdBaseFile::cacheDirEntry(unsigned char)
 .text._ZN10SdBaseFile4syncEv
                0x000147ca       0x9c .objs\SdFat.o
                0x000147ca                SdBaseFile::sync()
 .text._ZN10SdBaseFile8truncateEm
                0x00014866      0x19a .objs\SdFat.o
                0x00014866                SdBaseFile::truncate(unsigned long)
 .text._ZN10SdBaseFile15openCachedEntryEhh
                0x00014a00      0x112 .objs\SdFat.o
                0x00014a00                SdBaseFile::openCachedEntry(unsigned char, unsigned char)
 .text._ZN10SdBaseFile5closeEv
                0x00014b12       0x14 .objs\SdFat.o
                0x00014b12                SdBaseFile::close()
 .text._ZN10SdBaseFileD1Ev
                0x00014b26       0x10 .objs\SdFat.o
                0x00014b26                SdBaseFile::~SdBaseFile()
 .text._ZN5SdFat5chdirEb
                0x00014b36       0x36 .objs\SdFat.o
                0x00014b36                SdFat::chdir(bool)
 .text._ZN10SdBaseFile6removeEv
                0x00014b6c       0x38 .objs\SdFat.o
                0x00014b6c                SdBaseFile::remove()
 .text._ZN7Sd2Card4initEhh
                0x00014ba4      0x182 .objs\SdFat.o
                0x00014ba4                Sd2Card::init(unsigned char, unsigned char)
 .text._ZN5SdFat4initEhh
                0x00014d26       0x50 .objs\SdFat.o
                0x00014d26                SdFat::init(unsigned char, unsigned char)
 .text._ZN10SdBaseFile5writeEPKvj
                0x00014d76      0x360 .objs\SdFat.o
                0x00014d76                SdBaseFile::write(void const*, unsigned int)
 .text._ZN6SdFile5writeEPKvj
                0x000150d6        0x6 .objs\SdFat.o
                0x000150d6                SdFile::write(void const*, unsigned int)
 .text._ZN10SdBaseFile4readEPvj
                0x000150dc      0x20a .objs\SdFat.o
                0x000150dc                SdBaseFile::read(void*, unsigned int)
 .text._ZN10SdBaseFile4readEv
                0x000152e6       0x32 .objs\SdFat.o
                0x000152e6                SdBaseFile::read()
 .text._ZN10SdBaseFile12readDirCacheEv
                0x00015318       0x76 .objs\SdFat.o
                0x00015318                SdBaseFile::readDirCache()
 .text._ZN10SdBaseFile5rmdirEv
                0x0001538e       0x70 .objs\SdFat.o
                0x0001538e                SdBaseFile::rmdir()
 .text._ZN10SdBaseFile13addDirClusterEv
                0x000153fe      0x118 .objs\SdFat.o
                0x000153fe                SdBaseFile::addDirCluster()
 .text._ZN10SdBaseFile4openEPS_PKhh
                0x00015516      0x198 .objs\SdFat.o
                0x00015516                SdBaseFile::open(SdBaseFile*, unsigned char const*, unsigned char)
 .text._ZN10SdBaseFile4openEPS_PKch
                0x000156ae      0x1a4 .objs\SdFat.o
                0x000156ae                SdBaseFile::open(SdBaseFile*, char const*, unsigned char)
 .text._ZN10SdBaseFile6removeEPS_PKc
                0x00015852       0x60 .objs\SdFat.o
                0x00015852                SdBaseFile::remove(SdBaseFile*, char const*)
 .text._ZN5SdFat6removeEPKc
                0x000158b2        0x8 .objs\SdFat.o
                0x000158b2                SdFat::remove(char const*)
 .text._ZN10SdBaseFile4openEPKch
                0x000158ba       0x14 .objs\SdFat.o
                0x000158ba                SdBaseFile::open(char const*, unsigned char)
 .text._ZN5SdFat5rmdirEPKc
                0x000158ce       0x5a .objs\SdFat.o
                0x000158ce                SdFat::rmdir(char const*)
 .text._ZN10SdBaseFile5mkdirEPS_PKh
                0x00015928      0x152 .objs\SdFat.o
                0x00015928                SdBaseFile::mkdir(SdBaseFile*, unsigned char const*)
 .text._ZN10SdBaseFile5mkdirEPS_PKcb
                0x00015a7a      0x1c0 .objs\SdFat.o
                0x00015a7a                SdBaseFile::mkdir(SdBaseFile*, char const*, bool)
 .text._ZN5SdFat5mkdirEPKcb
                0x00015c3a       0x58 .objs\SdFat.o
                0x00015c3a                SdFat::mkdir(char const*, bool)
 .text._Z4beephh
                0x00015c92       0x44 .objs\ui.o
                0x00015c92                beep(unsigned char, unsigned char)
 .text.fplib    0x00015cd6        0xa d:/grabercars/3d printer projects/all firmwares/codeblocks/bin/../lib/gcc/avr/4.3.3/../../../../avr/lib/avr6\libm.a(addsf3.o)
                0x00015cd6                __subsf3
                0x00015cd8                __addsf3
 .text.fplib    0x00015ce0       0xc0 d:/grabercars/3d printer projects/all firmwares/codeblocks/bin/../lib/gcc/avr/4.3.3/../../../../avr/lib/avr6\libm.a(addsf3x.o)
                0x00015cfa                __addsf3x
 .text.fplib    0x00015da0       0x74 d:/grabercars/3d printer projects/all firmwares/codeblocks/bin/../lib/gcc/avr/4.3.3/../../../../avr/lib/avr6\libm.a(atan2.o)
                0x00015dbe                atan2
 .text.fplib    0x00015e14       0x50 d:/grabercars/3d printer projects/all firmwares/codeblocks/bin/../lib/gcc/avr/4.3.3/../../../../avr/lib/avr6\libm.a(atan.o)
                0x00015e14                atan
 .text.fplib    0x00015e64        0x8 d:/grabercars/3d printer projects/all firmwares/codeblocks/bin/../lib/gcc/avr/4.3.3/../../../../avr/lib/avr6\libm.a(cmpsf2.o)
                0x00015e64                __lesf2
                0x00015e64                __nesf2
                0x00015e64                __eqsf2
                0x00015e64                __cmpsf2
                0x00015e64                __ltsf2
 .text.fplib    0x00015e6c        0x6 d:/grabercars/3d printer projects/all firmwares/codeblocks/bin/../lib/gcc/avr/4.3.3/../../../../avr/lib/avr6\libm.a(cos.o)
                0x00015e6c                cos
 .text.fplib    0x00015e72        0x4 d:/grabercars/3d printer projects/all firmwares/codeblocks/bin/../lib/gcc/avr/4.3.3/../../../../avr/lib/avr6\libm.a(divsf3.o)
                0x00015e72                __divsf3
 .text.fplib    0x00015e76       0xcc d:/grabercars/3d printer projects/all firmwares/codeblocks/bin/../lib/gcc/avr/4.3.3/../../../../avr/lib/avr6\libm.a(divsf3x.o)
                0x00015e8c                __divsf3x
                0x00015e90                __divsf3_pse
 .text.fplib    0x00015f42        0xa d:/grabercars/3d printer projects/all firmwares/codeblocks/bin/../lib/gcc/avr/4.3.3/../../../../avr/lib/avr6\libm.a(fixsfsi.o)
                0x00015f42                __fixsfsi
 .text.fplib    0x00015f4c       0x58 d:/grabercars/3d printer projects/all firmwares/codeblocks/bin/../lib/gcc/avr/4.3.3/../../../../avr/lib/avr6\libm.a(fixunssfsi.o)
                0x00015f4c                __fixunssfsi
 .text.fplib    0x00015fa4       0x7a d:/grabercars/3d printer projects/all firmwares/codeblocks/bin/../lib/gcc/avr/4.3.3/../../../../avr/lib/avr6\libm.a(floatsisf.o)
                0x00015fa8                __floatsisf
                0x00015fa4                __floatunsisf
 .text.fplib    0x0001601e       0x26 d:/grabercars/3d printer projects/all firmwares/codeblocks/bin/../lib/gcc/avr/4.3.3/../../../../avr/lib/avr6\libm.a(floor.o)
                0x0001601e                floor
 .text.fplib    0x00016044       0x48 d:/grabercars/3d printer projects/all firmwares/codeblocks/bin/../lib/gcc/avr/4.3.3/../../../../avr/lib/avr6\libm.a(fp_cmp.o)
                0x00016044                __fp_cmp
 .text.fplib    0x0001608c        0xc d:/grabercars/3d printer projects/all firmwares/codeblocks/bin/../lib/gcc/avr/4.3.3/../../../../avr/lib/avr6\libm.a(fp_inf.o)
                0x0001608c                __fp_inf
 .text.fplib    0x00016098       0x36 d:/grabercars/3d printer projects/all firmwares/codeblocks/bin/../lib/gcc/avr/4.3.3/../../../../avr/lib/avr6\libm.a(fp_mintl.o)
                0x00016098                __fp_mintl
 .text.fplib    0x000160ce       0x20 d:/grabercars/3d printer projects/all firmwares/codeblocks/bin/../lib/gcc/avr/4.3.3/../../../../avr/lib/avr6\libm.a(fp_mpack.o)
                0x000160ce                __fp_mpack
 .text.fplib    0x000160ee        0x6 d:/grabercars/3d printer projects/all firmwares/codeblocks/bin/../lib/gcc/avr/4.3.3/../../../../avr/lib/avr6\libm.a(fp_nan.o)
                0x000160ee                __fp_nan
 .text.fplib    0x000160f4       0x4a d:/grabercars/3d printer projects/all firmwares/codeblocks/bin/../lib/gcc/avr/4.3.3/../../../../avr/lib/avr6\libm.a(fp_powser.o)
                0x000160f4                __fp_powser
 .text.fplib    0x0001613e        0xe d:/grabercars/3d printer projects/all firmwares/codeblocks/bin/../lib/gcc/avr/4.3.3/../../../../avr/lib/avr6\libm.a(fp_pscA.o)
                0x0001613e                __fp_pscA
 .text.fplib    0x0001614c        0xe d:/grabercars/3d printer projects/all firmwares/codeblocks/bin/../lib/gcc/avr/4.3.3/../../../../avr/lib/avr6\libm.a(fp_pscB.o)
                0x0001614c                __fp_pscB
 .text.fplib    0x0001615a       0x62 d:/grabercars/3d printer projects/all firmwares/codeblocks/bin/../lib/gcc/avr/4.3.3/../../../../avr/lib/avr6\libm.a(fp_rempio2.o)
                0x0001615c                __fp_rempio2
 .text.fplib    0x000161bc       0x22 d:/grabercars/3d printer projects/all firmwares/codeblocks/bin/../lib/gcc/avr/4.3.3/../../../../avr/lib/avr6\libm.a(fp_round.o)
                0x000161bc                __fp_round
 .text.fplib    0x000161de       0x22 d:/grabercars/3d printer projects/all firmwares/codeblocks/bin/../lib/gcc/avr/4.3.3/../../../../avr/lib/avr6\libm.a(fp_sinus.o)
                0x000161de                __fp_sinus
 .text.fplib    0x00016200       0x44 d:/grabercars/3d printer projects/all firmwares/codeblocks/bin/../lib/gcc/avr/4.3.3/../../../../avr/lib/avr6\libm.a(fp_split3.o)
                0x00016200                __fp_split3
                0x00016210                __fp_splitA
 .text.fplib    0x00016244       0x2e d:/grabercars/3d printer projects/all firmwares/codeblocks/bin/../lib/gcc/avr/4.3.3/../../../../avr/lib/avr6\libm.a(fp_trunc.o)
                0x00016244                __fp_trunc
 .text.fplib    0x00016272        0xe d:/grabercars/3d printer projects/all firmwares/codeblocks/bin/../lib/gcc/avr/4.3.3/../../../../avr/lib/avr6\libm.a(fp_zero.o)
                0x00016272                __fp_zero
                0x00016274                __fp_szero
 .text.fplib    0x00016280        0x8 d:/grabercars/3d printer projects/all firmwares/codeblocks/bin/../lib/gcc/avr/4.3.3/../../../../avr/lib/avr6\libm.a(gesf2.o)
                0x00016280                __gtsf2
                0x00016280                __gesf2
 .text.fplib    0x00016288       0xc2 d:/grabercars/3d printer projects/all firmwares/codeblocks/bin/../lib/gcc/avr/4.3.3/../../../../avr/lib/avr6\libm.a(hypot.o)
                0x0001629a                hypot
 .text.fplib    0x0001634a        0xe d:/grabercars/3d printer projects/all firmwares/codeblocks/bin/../lib/gcc/avr/4.3.3/../../../../avr/lib/avr6\libm.a(inverse.o)
                0x0001634a                inverse
 .text.fplib    0x00016358       0x6c d:/grabercars/3d printer projects/all firmwares/codeblocks/bin/../lib/gcc/avr/4.3.3/../../../../avr/lib/avr6\libm.a(ldexp.o)
                0x0001635c                ldexp
 .text.fplib    0x000163c4        0x4 d:/grabercars/3d printer projects/all firmwares/codeblocks/bin/../lib/gcc/avr/4.3.3/../../../../avr/lib/avr6\libm.a(mulsf3.o)
                0x000163c4                __mulsf3
 .text.fplib    0x000163c8       0xc2 d:/grabercars/3d printer projects/all firmwares/codeblocks/bin/../lib/gcc/avr/4.3.3/../../../../avr/lib/avr6\libm.a(mulsf3x.o)
                0x000163e0                __mulsf3_pse
                0x000163dc                __mulsf3x
 .text.fplib    0x0001648a        0xc d:/grabercars/3d printer projects/all firmwares/codeblocks/bin/../lib/gcc/avr/4.3.3/../../../../avr/lib/avr6\libm.a(sin.o)
                0x0001648a                sin
 .text.fplib    0x00016496       0x9c d:/grabercars/3d printer projects/all firmwares/codeblocks/bin/../lib/gcc/avr/4.3.3/../../../../avr/lib/avr6\libm.a(sqrt.o)
                0x0001649e                sqrt
 .text.fplib    0x00016532        0x6 d:/grabercars/3d printer projects/all firmwares/codeblocks/bin/../lib/gcc/avr/4.3.3/../../../../avr/lib/avr6\libm.a(square.o)
                0x00016532                square
 .text.fplib    0x00016538        0x8 d:/grabercars/3d printer projects/all firmwares/codeblocks/bin/../lib/gcc/avr/4.3.3/../../../../avr/lib/avr6\libm.a(unordsf2.o)
                0x00016538                __unordsf2
 .text.fplib    0x00016540        0xe d:/grabercars/3d printer projects/all firmwares/codeblocks/bin/../lib/gcc/avr/4.3.3/../../../../avr/lib/avr6\libm.a(fp_norm2.o)
                0x00016540                __fp_norm2
 .text.fplib    0x0001654e       0x22 d:/grabercars/3d printer projects/all firmwares/codeblocks/bin/../lib/gcc/avr/4.3.3/../../../../avr/lib/avr6\libm.a(fp_powsodd.o)
                0x0001654e                __fp_powsodd
 .text.libgcc   0x00016570       0x3e d:/grabercars/3d printer projects/all firmwares/codeblocks/bin/../lib/gcc/avr/4.3.3/avr6\libgcc.a(_mulsi3.o)
                0x00016570                __mulsi3
 .text.libgcc   0x000165ae       0x28 d:/grabercars/3d printer projects/all firmwares/codeblocks/bin/../lib/gcc/avr/4.3.3/avr6\libgcc.a(_udivmodhi4.o)
                0x000165ae                __udivmodhi4
 .text.libgcc   0x000165d6       0x26 d:/grabercars/3d printer projects/all firmwares/codeblocks/bin/../lib/gcc/avr/4.3.3/avr6\libgcc.a(_divmodhi4.o)
                0x000165d6                __divmodhi4
                0x000165d6                _div
 .text.libgcc   0x000165fc       0x44 d:/grabercars/3d printer projects/all firmwares/codeblocks/bin/../lib/gcc/avr/4.3.3/avr6\libgcc.a(_udivmodsi4.o)
                0x000165fc                __udivmodsi4
 .text.libgcc   0x00016640       0x36 d:/grabercars/3d printer projects/all firmwares/codeblocks/bin/../lib/gcc/avr/4.3.3/avr6\libgcc.a(_divmodsi4.o)
                0x00016640                __divmodsi4
 .text.libgcc   0x00016676        0xc d:/grabercars/3d printer projects/all firmwares/codeblocks/bin/../lib/gcc/avr/4.3.3/avr6\libgcc.a(_tablejump.o)
                0x0001667a                __tablejump__
                0x00016676                __tablejump2__
 .text.ctype    0x00016682       0x10 d:/grabercars/3d printer projects/all firmwares/codeblocks/bin/../lib/gcc/avr/4.3.3/../../../../avr/lib/avr6\libc.a(isspace.o)
                0x00016682                isspace
 .text.ctype    0x00016692        0x6 d:/grabercars/3d printer projects/all firmwares/codeblocks/bin/../lib/gcc/avr/4.3.3/../../../../avr/lib/avr6\libc.a(cty_isfalse.o)
                0x00016696                __ctype_istrue
                0x00016692                __ctype_isfalse
 .text.libgcc   0x00016698       0x38 d:/grabercars/3d printer projects/all firmwares/codeblocks/bin/../lib/gcc/avr/4.3.3/avr6\libgcc.a(_prologue.o)
                0x00016698                __prologue_saves__
 .text.libgcc   0x000166d0       0x36 d:/grabercars/3d printer projects/all firmwares/codeblocks/bin/../lib/gcc/avr/4.3.3/avr6\libgcc.a(_epilogue.o)
                0x000166d0                __epilogue_restores__
                0x00016706                . = ALIGN (0x2)
 *(.fini9)
 .fini9         0x00016706        0x0 d:/grabercars/3d printer projects/all firmwares/codeblocks/bin/../lib/gcc/avr/4.3.3/avr6\libgcc.a(_exit.o)
                0x00016706                exit
                0x00016706                _exit
 *(.fini9)
 *(.fini8)
 *(.fini8)
 *(.fini7)
 *(.fini7)
 *(.fini6)
 .fini6         0x00016706       0x16 d:/grabercars/3d printer projects/all firmwares/codeblocks/bin/../lib/gcc/avr/4.3.3/avr6\libgcc.a(_dtors.o)
                0x00016706                __do_global_dtors
 *(.fini6)
 *(.fini5)
 *(.fini5)
 *(.fini4)
 *(.fini4)
 *(.fini3)
 *(.fini3)
 *(.fini2)
 *(.fini2)
 *(.fini1)
 *(.fini1)
 *(.fini0)
 .fini0         0x0001671c        0x4 d:/grabercars/3d printer projects/all firmwares/codeblocks/bin/../lib/gcc/avr/4.3.3/avr6\libgcc.a(_exit.o)
 *(.fini0)
                0x00016720                _etext = .

.data           0x00800200      0x212 load address 0x00016720
                0x00800200                PROVIDE (__data_start, .)
 *(.data)
 .data          0x00800200        0x6 d:/grabercars/3d printer projects/all firmwares/codeblocks/bin/../lib/gcc/avr/4.3.3/../../../../avr/lib/avr6\libc.a(malloc.o)
                0x00800202                __malloc_heap_start
                0x00800204                __malloc_heap_end
                0x00800200                __malloc_margin
 *(.data*)
 .data._ZN8Commands14lowestRAMValueE
                0x00800206        0x2 .objs\Commands.o
                0x00800206                Commands::lowestRAMValue
 .data._ZN8Commands18lowestRAMValueSendE
                0x00800208        0x2 .objs\Commands.o
                0x00800208                Commands::lowestRAMValueSend
 .data._ZL9tone_pins
                0x0080020a        0x1 .objs\cores\Tone.o
 .data.manage_monitor
                0x0080020b        0x1 .objs\Extruder.o
                0x0080020b                manage_monitor
 .data.counter_250ms
                0x0080020c        0x1 .objs\Extruder.o
                0x0080020c                counter_250ms
 .data.autotuneIndex
                0x0080020d        0x1 .objs\Extruder.o
                0x0080020d                autotuneIndex
 .data.extruder
                0x0080020e      0x153 .objs\Extruder.o
                0x0080020e                extruder
 .data.heatedBedController
                0x00800361       0x40 .objs\Extruder.o
                0x00800361                heatedBedController
 .data.tempController
                0x008003a1        0x8 .objs\Extruder.o
                0x008003a1                tempController
 .data._ZN5GCode16waitingForResendE
                0x008003a9        0x1 .objs\gcode.o
                0x008003a9                GCode::waitingForResend
 .data.stepperInactiveTime
                0x008003aa        0x4 .objs\motion.o
                0x008003aa                stepperInactiveTime
 .data.baudrate
                0x008003ae        0x4 .objs\motion.o
                0x008003ae                baudrate
 .data.lastblk  0x008003b2        0x2 .objs\motion.o
                0x008003b2                lastblk
 .data._ZN7Printer14axisStepsPerMME
                0x008003b4       0x10 .objs\Printer.o
                0x008003b4                Printer::axisStepsPerMM
 .data._ZN7Printer11maxFeedrateE
                0x008003c4       0x10 .objs\Printer.o
                0x008003c4                Printer::maxFeedrate
 .data._ZN7Printer14homingFeedrateE
                0x008003d4        0xc .objs\Printer.o
                0x008003d4                Printer::homingFeedrate
 .data._ZN7Printer32maxAccelerationMMPerSquareSecondE
                0x008003e0       0x10 .objs\Printer.o
                0x008003e0                Printer::maxAccelerationMMPerSquareSecond
 .data._ZN7Printer38maxTravelAccelerationMMPerSquareSecondE
                0x008003f0       0x10 .objs\Printer.o
                0x008003f0                Printer::maxTravelAccelerationMMPerSquareSecond
 .data._ZN7Printer10debugLevelE
                0x00800400        0x1 .objs\Printer.o
                0x00800400                Printer::debugLevel
 .data._ZN7Printer17stepsPerTimerCallE
                0x00800401        0x1 .objs\Printer.o
                0x00800401                Printer::stepsPerTimerCall
 *(.rodata)
 *(.rodata*)
 .rodata._ZTV16RFHardwareSerial
                0x00800402       0x10 .objs\HAL.o
                0x00800402                vtable for RFHardwareSerial
 *(.gnu.linkonce.d*)
                0x00800412                . = ALIGN (0x2)
                0x00800412                _edata = .
                0x00800412                PROVIDE (__data_end, .)

.bss            0x00800412     0x2001
                0x00800412                PROVIDE (__bss_start, .)
 *(.bss)
 *(.bss*)
 .bss.timer0_toggle_count
                0x00800412        0x4 .objs\cores\Tone.o
                0x00800412                timer0_toggle_count
 .bss.timer0_pin_port
                0x00800416        0x2 .objs\cores\Tone.o
                0x00800416                timer0_pin_port
 .bss.timer0_pin_mask
                0x00800418        0x1 .objs\cores\Tone.o
                0x00800418                timer0_pin_mask
 .bss.timer1_toggle_count
                0x00800419        0x4 .objs\cores\Tone.o
                0x00800419                timer1_toggle_count
 .bss.timer1_pin_port
                0x0080041d        0x2 .objs\cores\Tone.o
                0x0080041d                timer1_pin_port
 .bss.timer1_pin_mask
                0x0080041f        0x1 .objs\cores\Tone.o
                0x0080041f                timer1_pin_mask
 .bss.timer2_toggle_count
                0x00800420        0x4 .objs\cores\Tone.o
                0x00800420                timer2_toggle_count
 .bss.timer2_pin_port
                0x00800424        0x2 .objs\cores\Tone.o
                0x00800424                timer2_pin_port
 .bss.timer2_pin_mask
                0x00800426        0x1 .objs\cores\Tone.o
                0x00800426                timer2_pin_mask
 .bss.timer3_toggle_count
                0x00800427        0x4 .objs\cores\Tone.o
                0x00800427                timer3_toggle_count
 .bss.timer3_pin_port
                0x0080042b        0x2 .objs\cores\Tone.o
                0x0080042b                timer3_pin_port
 .bss.timer3_pin_mask
                0x0080042d        0x1 .objs\cores\Tone.o
                0x0080042d                timer3_pin_mask
 .bss.timer4_toggle_count
                0x0080042e        0x4 .objs\cores\Tone.o
                0x0080042e                timer4_toggle_count
 .bss.timer4_pin_port
                0x00800432        0x2 .objs\cores\Tone.o
                0x00800432                timer4_pin_port
 .bss.timer4_pin_mask
                0x00800434        0x1 .objs\cores\Tone.o
                0x00800434                timer4_pin_mask
 .bss.timer5_toggle_count
                0x00800435        0x4 .objs\cores\Tone.o
                0x00800435                timer5_toggle_count
 .bss.timer5_pin_port
                0x00800439        0x2 .objs\cores\Tone.o
                0x00800439                timer5_pin_port
 .bss.timer5_pin_mask
                0x0080043b        0x1 .objs\cores\Tone.o
                0x0080043b                timer5_pin_mask
 .bss.intFunc   0x0080043c       0x10 .objs\cores\WInterrupts.o
 .bss.timer0_overflow_count
                0x0080044c        0x4 .objs\cores\wiring.o
                0x0080044c                timer0_overflow_count
 .bss.timer0_millis
                0x00800450        0x4 .objs\cores\wiring.o
                0x00800450                timer0_millis
 .bss.timer0_fract
                0x00800454        0x1 .objs\cores\wiring.o
 .bss.counter_periodical
                0x00800455        0x2 .objs\Extruder.o
                0x00800455                counter_periodical
 .bss.execute_periodical
                0x00800457        0x1 .objs\Extruder.o
                0x00800457                execute_periodical
 .bss.osAnalogInputCounter
                0x00800458        0x4 .objs\Extruder.o
                0x00800458                osAnalogInputCounter
 .bss.osAnalogInputBuildup
                0x0080045c        0x8 .objs\Extruder.o
                0x0080045c                osAnalogInputBuildup
 .bss.osAnalogInputPos
                0x00800464        0x1 .objs\Extruder.o
                0x00800464                osAnalogInputPos
 .bss.osAnalogInputValues
                0x00800465        0x8 .objs\Extruder.o
                0x00800465                osAnalogInputValues
 .bss._ZN8Extruder7currentE
                0x0080046d        0x2 .objs\Extruder.o
                0x0080046d                Extruder::current
 .bss._ZL18extruderTempErrors
                0x0080046f        0x1 .objs\Extruder.o
 .bss._ZN5GCode16commandsBufferedE
                0x00800470       0x6a .objs\gcode.o
                0x00800470                GCode::commandsBuffered
 .bss._ZN5GCode15bufferReadIndexE
                0x008004da        0x1 .objs\gcode.o
                0x008004da                GCode::bufferReadIndex
 .bss._ZN5GCode16bufferWriteIndexE
                0x008004db        0x1 .objs\gcode.o
                0x008004db                GCode::bufferWriteIndex
 .bss._ZN5GCode16commandReceivingE
                0x008004dc       0x60 .objs\gcode.o
                0x008004dc                GCode::commandReceiving
 .bss._ZN5GCode30commandsReceivingWritePositionE
                0x0080053c        0x1 .objs\gcode.o
                0x0080053c                GCode::commandsReceivingWritePosition
 .bss._ZN5GCode12sendAsBinaryE
                0x0080053d        0x1 .objs\gcode.o
                0x0080053d                GCode::sendAsBinary
 .bss._ZN5GCode30wasLastCommandReceivedAsBinaryE
                0x0080053e        0x1 .objs\gcode.o
                0x0080053e                GCode::wasLastCommandReceivedAsBinary
 .bss._ZN5GCode15commentDetectedE
                0x0080053f        0x1 .objs\gcode.o
                0x0080053f                GCode::commentDetected
 .bss._ZN5GCode17binaryCommandSizeE
                0x00800540        0x1 .objs\gcode.o
                0x00800540                GCode::binaryCommandSize
 .bss._ZN5GCode29waitUntilAllCommandsAreParsedE
                0x00800541        0x1 .objs\gcode.o
                0x00800541                GCode::waitUntilAllCommandsAreParsed
 .bss._ZN5GCode14lastLineNumberE
                0x00800542        0x4 .objs\gcode.o
                0x00800542                GCode::lastLineNumber
 .bss._ZN5GCode13actLineNumberE
                0x00800546        0x4 .objs\gcode.o
                0x00800546                GCode::actLineNumber
 .bss._ZN5GCode12bufferLengthE
                0x0080054a        0x1 .objs\gcode.o
                0x0080054a                GCode::bufferLength
 .bss._ZN5GCode20timeOfLastDataPacketE
                0x0080054b        0x4 .objs\gcode.o
                0x0080054b                GCode::timeOfLastDataPacket
 .bss.resetFunc
                0x0080054f        0x2 .objs\HAL.o
                0x0080054f                resetFunc
 .bss.insideTimer1
                0x00800551        0x1 .objs\HAL.o
                0x00800551                insideTimer1
 .bss.stepperWait
                0x00800552        0x4 .objs\HAL.o
                0x00800552                stepperWait
 .bss.rx_buffer
                0x00800556       0x82 .objs\HAL.o
                0x00800556                rx_buffer
 .bss.tx_buffer
                0x008005d8       0x42 .objs\HAL.o
                0x008005d8                tx_buffer
 .bss.RFSerial  0x0080061a       0x17 .objs\HAL.o
                0x0080061a                RFSerial
 .bss._ZZ11__vector_21E21extruderLastDirection
                0x00800631        0x1 .objs\HAL.o
 .bss._ZZ11__vector_22E18pwm_cooler_pos_set
                0x00800632        0x3 .objs\HAL.o
 .bss._ZZ11__vector_22E11pwm_pos_set
                0x00800635        0x6 .objs\HAL.o
 .bss._ZZ11__vector_22E9pwm_count
                0x0080063b        0x1 .objs\HAL.o
 .bss.deltaSegmentCount
                0x0080063c        0x2 .objs\motion.o
                0x0080063c                deltaSegmentCount
 .bss.previousMillisCmd
                0x0080063e        0x4 .objs\motion.o
                0x0080063e                previousMillisCmd
 .bss.maxInactiveTime
                0x00800642        0x4 .objs\motion.o
                0x00800642                maxInactiveTime
 .bss.maxadv2   0x00800646        0x2 .objs\motion.o
                0x00800646                maxadv2
 .bss.maxadvspeed
                0x00800648        0x4 .objs\motion.o
                0x00800648                maxadvspeed
 .bss.pwm_pos   0x0080064c        0x6 .objs\motion.o
                0x0080064c                pwm_pos
 .bss.waitRelax
                0x00800652        0x2 .objs\motion.o
                0x00800652                waitRelax
 .bss._ZN9PrintLine5linesE
                0x00800654      0xb58 .objs\motion.o
                0x00800654                PrintLine::lines
 .bss._ZN9PrintLine3curE
                0x008011ac        0x2 .objs\motion.o
                0x008011ac                PrintLine::cur
 .bss._ZN9PrintLine13linesWritePosE
                0x008011ae        0x1 .objs\motion.o
                0x008011ae                PrintLine::linesWritePos
 .bss._ZN9PrintLine10linesCountE
                0x008011af        0x1 .objs\motion.o
                0x008011af                PrintLine::linesCount
 .bss._ZN9PrintLine8linesPosE
                0x008011b0        0x1 .objs\motion.o
                0x008011b0                PrintLine::linesPos
 .bss.cur_errupd
                0x008011b1        0x4 .objs\motion.o
                0x008011b1                cur_errupd
 .bss.curd      0x008011b5        0x2 .objs\motion.o
                0x008011b5                curd
 .bss.curd_errupd
                0x008011b7        0x4 .objs\motion.o
                0x008011b7                curd_errupd
 .bss.stepsPerSegRemaining
                0x008011bb        0x4 .objs\motion.o
                0x008011bb                stepsPerSegRemaining
 .bss._ZN7Printer16minExtruderSpeedE
                0x008011bf        0x1 .objs\Printer.o
                0x008011bf                Printer::minExtruderSpeed
 .bss._ZN7Printer16maxExtruderSpeedE
                0x008011c0        0x1 .objs\Printer.o
                0x008011c0                Printer::maxExtruderSpeed
 .bss._ZN7Printer19extruderStepsNeededE
                0x008011c1        0x2 .objs\Printer.o
                0x008011c1                Printer::extruderStepsNeeded
 .bss._ZN7Printer12unitIsInchesE
                0x008011c3        0x1 .objs\Printer.o
                0x008011c3                Printer::unitIsInches
 .bss._ZN7Printer17invAxisStepsPerMME
                0x008011c4       0x10 .objs\Printer.o
                0x008011c4                Printer::invAxisStepsPerMM
 .bss._ZN7Printer40maxPrintAccelerationStepsPerSquareSecondE
                0x008011d4       0x10 .objs\Printer.o
                0x008011d4                Printer::maxPrintAccelerationStepsPerSquareSecond
 .bss._ZN7Printer41maxTravelAccelerationStepsPerSquareSecondE
                0x008011e4       0x10 .objs\Printer.o
                0x008011e4                Printer::maxTravelAccelerationStepsPerSquareSecond
 .bss._ZN7Printer25currentDeltaPositionStepsE
                0x008011f4       0x10 .objs\Printer.o
                0x008011f4                Printer::currentDeltaPositionSteps
 .bss.segments  0x00801204      0xe70 .objs\Printer.o
                0x00801204                segments
 .bss.delta_segment_write_pos
                0x00802074        0x2 .objs\Printer.o
                0x00802074                delta_segment_write_pos
 .bss.lastMoveID
                0x00802076        0x1 .objs\Printer.o
                0x00802076                lastMoveID
 .bss._ZN7Printer22relativeCoordinateModeE
                0x00802077        0x1 .objs\Printer.o
                0x00802077                Printer::relativeCoordinateMode
 .bss._ZN7Printer30relativeExtruderCoordinateModeE
                0x00802078        0x1 .objs\Printer.o
                0x00802078                Printer::relativeExtruderCoordinateMode
 .bss._ZN7Printer20currentPositionStepsE
                0x00802079       0x10 .objs\Printer.o
                0x00802079                Printer::currentPositionSteps
 .bss._ZN7Printer15currentPositionE
                0x00802089        0xc .objs\Printer.o
                0x00802089                Printer::currentPosition
 .bss._ZN7Printer16destinationStepsE
                0x00802095       0x10 .objs\Printer.o
                0x00802095                Printer::destinationSteps
 .bss._ZN7Printer16coordinateOffsetE
                0x008020a5        0xc .objs\Printer.o
                0x008020a5                Printer::coordinateOffset
 .bss._ZN7Printer5flag0E
                0x008020b1        0x1 .objs\Printer.o
                0x008020b1                Printer::flag0
 .bss._ZN7Printer23autolevelTransformationE
                0x008020b2       0x24 .objs\Printer.o
                0x008020b2                Printer::autolevelTransformation
 .bss._ZN7Printer8intervalE
                0x008020d6        0x4 .objs\Printer.o
                0x008020d6                Printer::interval
 .bss._ZN7Printer5timerE
                0x008020da        0x4 .objs\Printer.o
                0x008020da                Printer::timer
 .bss._ZN7Printer10stepNumberE
                0x008020de        0x4 .objs\Printer.o
                0x008020de                Printer::stepNumber
 .bss._ZN7Printer15advanceStepsSetE
                0x008020e2        0x2 .objs\Printer.o
                0x008020e2                Printer::advanceStepsSet
 .bss._ZN7Printer11countZStepsE
                0x008020e4        0x4 .objs\Printer.o
                0x008020e4                Printer::countZSteps
 .bss._ZN7Printer21maxDeltaPositionStepsE
                0x008020e8        0x4 .objs\Printer.o
                0x008020e8                Printer::maxDeltaPositionSteps
 .bss._ZN7Printer25deltaDiagonalStepsSquaredE
                0x008020ec        0x4 .objs\Printer.o
                0x008020ec                Printer::deltaDiagonalStepsSquared
 .bss._ZN7Printer26deltaDiagonalStepsSquaredFE
                0x008020f0        0x4 .objs\Printer.o
                0x008020f0                Printer::deltaDiagonalStepsSquaredF
 .bss._ZN7Printer15deltaAPosXStepsE
                0x008020f4        0x4 .objs\Printer.o
                0x008020f4                Printer::deltaAPosXSteps
 .bss._ZN7Printer15deltaAPosYStepsE
                0x008020f8        0x4 .objs\Printer.o
                0x008020f8                Printer::deltaAPosYSteps
 .bss._ZN7Printer15deltaBPosXStepsE
                0x008020fc        0x4 .objs\Printer.o
                0x008020fc                Printer::deltaBPosXSteps
 .bss._ZN7Printer15deltaBPosYStepsE
                0x00802100        0x4 .objs\Printer.o
                0x00802100                Printer::deltaBPosYSteps
 .bss._ZN7Printer15deltaCPosXStepsE
                0x00802104        0x4 .objs\Printer.o
                0x00802104                Printer::deltaCPosXSteps
 .bss._ZN7Printer15deltaCPosYStepsE
                0x00802108        0x4 .objs\Printer.o
                0x00802108                Printer::deltaCPosYSteps
 .bss._ZN7Printer20stepsRemainingAtZHitE
                0x0080210c        0x4 .objs\Printer.o
                0x0080210c                Printer::stepsRemainingAtZHit
 .bss._ZN7Printer12minimumSpeedE
                0x00802110        0x4 .objs\Printer.o
                0x00802110                Printer::minimumSpeed
 .bss._ZN7Printer9xMaxStepsE
                0x00802114        0x4 .objs\Printer.o
                0x00802114                Printer::xMaxSteps
 .bss._ZN7Printer9yMaxStepsE
                0x00802118        0x4 .objs\Printer.o
                0x00802118                Printer::yMaxSteps
 .bss._ZN7Printer9zMaxStepsE
                0x0080211c        0x4 .objs\Printer.o
                0x0080211c                Printer::zMaxSteps
 .bss._ZN7Printer9xMinStepsE
                0x00802120        0x4 .objs\Printer.o
                0x00802120                Printer::xMinSteps
 .bss._ZN7Printer9yMinStepsE
                0x00802124        0x4 .objs\Printer.o
                0x00802124                Printer::yMinSteps
 .bss._ZN7Printer9zMinStepsE
                0x00802128        0x4 .objs\Printer.o
                0x00802128                Printer::zMinSteps
 .bss._ZN7Printer7xLengthE
                0x0080212c        0x4 .objs\Printer.o